Archive member included to satisfy reference by file (symbol)

c:/renesas/ra/e2studio_v2021-10_fsp_v3.5.0/toolchains/gcc_arm/gcc-arm-none-eabi-10.3-2021.10/bin/../lib/gcc/arm-none-eabi/10.3.1/thumb/v7e-m+fp/hard\libgcc.a(_arm_muldf3.o)
                              ./src/sensor.o (__aeabi_dmul)
c:/renesas/ra/e2studio_v2021-10_fsp_v3.5.0/toolchains/gcc_arm/gcc-arm-none-eabi-10.3-2021.10/bin/../lib/gcc/arm-none-eabi/10.3.1/thumb/v7e-m+fp/hard\libgcc.a(_arm_addsubdf3.o)
                              ./src/sensor.o (__aeabi_dadd)
c:/renesas/ra/e2studio_v2021-10_fsp_v3.5.0/toolchains/gcc_arm/gcc-arm-none-eabi-10.3-2021.10/bin/../lib/gcc/arm-none-eabi/10.3.1/thumb/v7e-m+fp/hard\libgcc.a(_arm_fixunsdfsi.o)
                              ./src/sensor.o (__aeabi_d2uiz)
c:/renesas/ra/e2studio_v2021-10_fsp_v3.5.0/toolchains/gcc_arm/gcc-arm-none-eabi-10.3-2021.10/bin/../lib/gcc/arm-none-eabi/10.3.1/thumb/v7e-m+fp/hard\libgcc.a(_aeabi_ldivmod.o)
                              ./ra/fsp/src/r_sci_uart/r_sci_uart.o (__aeabi_ldivmod)
c:/renesas/ra/e2studio_v2021-10_fsp_v3.5.0/toolchains/gcc_arm/gcc-arm-none-eabi-10.3-2021.10/bin/../lib/gcc/arm-none-eabi/10.3.1/thumb/v7e-m+fp/hard\libgcc.a(_udivmoddi4.o)
                              c:/renesas/ra/e2studio_v2021-10_fsp_v3.5.0/toolchains/gcc_arm/gcc-arm-none-eabi-10.3-2021.10/bin/../lib/gcc/arm-none-eabi/10.3.1/thumb/v7e-m+fp/hard\libgcc.a(_aeabi_ldivmod.o) (__udivmoddi4)
c:/renesas/ra/e2studio_v2021-10_fsp_v3.5.0/toolchains/gcc_arm/gcc-arm-none-eabi-10.3-2021.10/bin/../lib/gcc/arm-none-eabi/10.3.1/thumb/v7e-m+fp/hard\libgcc.a(_dvmd_tls.o)
                              c:/renesas/ra/e2studio_v2021-10_fsp_v3.5.0/toolchains/gcc_arm/gcc-arm-none-eabi-10.3-2021.10/bin/../lib/gcc/arm-none-eabi/10.3.1/thumb/v7e-m+fp/hard\libgcc.a(_aeabi_ldivmod.o) (__aeabi_ldiv0)
c:/renesas/ra/e2studio_v2021-10_fsp_v3.5.0/toolchains/gcc_arm/gcc-arm-none-eabi-10.3-2021.10/bin/../lib/gcc/arm-none-eabi/10.3.1/../../../../arm-none-eabi/lib/thumb/v7e-m+fp/hard\libg_nano.a(lib_a-errno.o)
                              ./ra/fsp/src/bsp/mcu/all/bsp_sbrk.o (__errno)
c:/renesas/ra/e2studio_v2021-10_fsp_v3.5.0/toolchains/gcc_arm/gcc-arm-none-eabi-10.3-2021.10/bin/../lib/gcc/arm-none-eabi/10.3.1/../../../../arm-none-eabi/lib/thumb/v7e-m+fp/hard\libg_nano.a(lib_a-exit.o)
                              c:/renesas/ra/e2studio_v2021-10_fsp_v3.5.0/toolchains/gcc_arm/gcc-arm-none-eabi-10.3-2021.10/bin/../lib/gcc/arm-none-eabi/10.3.1/../../../../arm-none-eabi/lib/thumb/v7e-m+fp/hard/rdimon-crt0.o (exit)
c:/renesas/ra/e2studio_v2021-10_fsp_v3.5.0/toolchains/gcc_arm/gcc-arm-none-eabi-10.3-2021.10/bin/../lib/gcc/arm-none-eabi/10.3.1/../../../../arm-none-eabi/lib/thumb/v7e-m+fp/hard\libg_nano.a(lib_a-impure.o)
                              c:/renesas/ra/e2studio_v2021-10_fsp_v3.5.0/toolchains/gcc_arm/gcc-arm-none-eabi-10.3-2021.10/bin/../lib/gcc/arm-none-eabi/10.3.1/../../../../arm-none-eabi/lib/thumb/v7e-m+fp/hard\libg_nano.a(lib_a-exit.o) (_global_impure_ptr)
c:/renesas/ra/e2studio_v2021-10_fsp_v3.5.0/toolchains/gcc_arm/gcc-arm-none-eabi-10.3-2021.10/bin/../lib/gcc/arm-none-eabi/10.3.1/../../../../arm-none-eabi/lib/thumb/v7e-m+fp/hard\libg_nano.a(lib_a-init.o)
                              c:/renesas/ra/e2studio_v2021-10_fsp_v3.5.0/toolchains/gcc_arm/gcc-arm-none-eabi-10.3-2021.10/bin/../lib/gcc/arm-none-eabi/10.3.1/../../../../arm-none-eabi/lib/thumb/v7e-m+fp/hard/rdimon-crt0.o (__libc_init_array)
c:/renesas/ra/e2studio_v2021-10_fsp_v3.5.0/toolchains/gcc_arm/gcc-arm-none-eabi-10.3-2021.10/bin/../lib/gcc/arm-none-eabi/10.3.1/../../../../arm-none-eabi/lib/thumb/v7e-m+fp/hard\libg_nano.a(lib_a-malloc.o)
                              ./src/elevator.o (malloc)
c:/renesas/ra/e2studio_v2021-10_fsp_v3.5.0/toolchains/gcc_arm/gcc-arm-none-eabi-10.3-2021.10/bin/../lib/gcc/arm-none-eabi/10.3.1/../../../../arm-none-eabi/lib/thumb/v7e-m+fp/hard\libg_nano.a(lib_a-memcpy-stub.o)
                              ./ra/fsp/src/r_sci_uart/r_sci_uart.o (memcpy)
c:/renesas/ra/e2studio_v2021-10_fsp_v3.5.0/toolchains/gcc_arm/gcc-arm-none-eabi-10.3-2021.10/bin/../lib/gcc/arm-none-eabi/10.3.1/../../../../arm-none-eabi/lib/thumb/v7e-m+fp/hard\libg_nano.a(lib_a-memset.o)
                              c:/renesas/ra/e2studio_v2021-10_fsp_v3.5.0/toolchains/gcc_arm/gcc-arm-none-eabi-10.3-2021.10/bin/../lib/gcc/arm-none-eabi/10.3.1/../../../../arm-none-eabi/lib/thumb/v7e-m+fp/hard/rdimon-crt0.o (memset)
c:/renesas/ra/e2studio_v2021-10_fsp_v3.5.0/toolchains/gcc_arm/gcc-arm-none-eabi-10.3-2021.10/bin/../lib/gcc/arm-none-eabi/10.3.1/../../../../arm-none-eabi/lib/thumb/v7e-m+fp/hard\libg_nano.a(lib_a-nano-freer.o)
                              c:/renesas/ra/e2studio_v2021-10_fsp_v3.5.0/toolchains/gcc_arm/gcc-arm-none-eabi-10.3-2021.10/bin/../lib/gcc/arm-none-eabi/10.3.1/../../../../arm-none-eabi/lib/thumb/v7e-m+fp/hard\libg_nano.a(lib_a-malloc.o) (_free_r)
[...]
Memory Configuration

Name             Origin             Length             Attributes
FLASH            0x00000000         0x00200000         xr
RAM              0x1ffe0000         0x000a0000         xrw
DATA_FLASH       0x40100000         0x00010000         xr
QSPI_FLASH       0x60000000         0x04000000         xr
OSPI_DEVICE_0    0x68000000         0x00000000         xr
OSPI_DEVICE_1    0x70000000         0x00000000         xr
OSPI_DEVICE_0_RAM 0x68000000         0x00000000         xrw
OSPI_DEVICE_1_RAM 0x70000000         0x00000000         xrw
SDRAM            0x90000000         0x08000000         xrw
OPTION_SETTING   0x00000000         0x00000000         r
OPTION_SETTING_S 0x00000000         0x00000000         r
ID_CODE          0x0100a150         0x00000010         xr
*default*        0x00000000         0xffffffff

Linker script and memory map

LOAD c:/renesas/ra/e2studio_v2021-10_fsp_v3.5.0/toolchains/gcc_arm/gcc-arm-none-eabi-10.3-2021.10/bin/../lib/gcc/arm-none-eabi/10.3.1/thumb/v7e-m+fp/hard/crti.o
LOAD c:/renesas/ra/e2studio_v2021-10_fsp_v3.5.0/toolchains/gcc_arm/gcc-arm-none-eabi-10.3-2021.10/bin/../lib/gcc/arm-none-eabi/10.3.1/thumb/v7e-m+fp/hard/crtbegin.o
LOAD c:/renesas/ra/e2studio_v2021-10_fsp_v3.5.0/toolchains/gcc_arm/gcc-arm-none-eabi-10.3-2021.10/bin/../lib/gcc/arm-none-eabi/10.3.1/../../../../arm-none-eabi/lib/thumb/v7e-m+fp/hard/rdimon-crt0.o
START GROUP
LOAD ./src/agt.o
LOAD ./src/arrival.o
LOAD ./src/button.o
LOAD ./src/can.o
LOAD ./src/elevator.o
LOAD ./src/fnd.o
LOAD ./src/gpio.o
LOAD ./src/hal_entry.o
LOAD ./src/motor.o
LOAD ./src/node.o
LOAD ./src/sensor.o
LOAD ./src/sound.o
LOAD ./src/uart.o
LOAD ./src/warning.o
LOAD ./ra_gen/common_data.o
LOAD ./ra_gen/hal_data.o
LOAD ./ra_gen/main.o
LOAD ./ra_gen/pin_data.o
LOAD ./ra_gen/vector_data.o
LOAD ./ra/fsp/src/r_sci_uart/r_sci_uart.o
LOAD ./ra/fsp/src/r_ioport/r_ioport.o
LOAD ./ra/fsp/src/r_icu/r_icu.o
LOAD ./ra/fsp/src/r_gpt/r_gpt.o
LOAD ./ra/fsp/src/r_dac/r_dac.o
LOAD ./ra/fsp/src/r_can/r_can.o
LOAD ./ra/fsp/src/r_agt/r_agt.o
LOAD ./ra/fsp/src/r_adc/r_adc.o
LOAD ./ra/fsp/src/bsp/mcu/all/bsp_clocks.o
LOAD ./ra/fsp/src/bsp/mcu/all/bsp_common.o
LOAD ./ra/fsp/src/bsp/mcu/all/bsp_delay.o
LOAD ./ra/fsp/src/bsp/mcu/all/bsp_group_irq.o
LOAD ./ra/fsp/src/bsp/mcu/all/bsp_guard.o
LOAD ./ra/fsp/src/bsp/mcu/all/bsp_io.o
LOAD ./ra/fsp/src/bsp/mcu/all/bsp_irq.o
LOAD ./ra/fsp/src/bsp/mcu/all/bsp_register_protection.o
LOAD ./ra/fsp/src/bsp/mcu/all/bsp_rom_registers.o
LOAD ./ra/fsp/src/bsp/mcu/all/bsp_sbrk.o
LOAD ./ra/fsp/src/bsp/mcu/all/bsp_security.o
LOAD ./ra/fsp/src/bsp/cmsis/Device/RENESAS/Source/startup.o
LOAD ./ra/fsp/src/bsp/cmsis/Device/RENESAS/Source/system.o
END GROUP
START GROUP
LOAD c:/renesas/ra/e2studio_v2021-10_fsp_v3.5.0/toolchains/gcc_arm/gcc-arm-none-eabi-10.3-2021.10/bin/../lib/gcc/arm-none-eabi/10.3.1/thumb/v7e-m+fp/hard\libgcc.a
LOAD c:/renesas/ra/e2studio_v2021-10_fsp_v3.5.0/toolchains/gcc_arm/gcc-arm-none-eabi-10.3-2021.10/bin/../lib/gcc/arm-none-eabi/10.3.1/../../../../arm-none-eabi/lib/thumb/v7e-m+fp/hard\libg_nano.a
LOAD c:/renesas/ra/e2studio_v2021-10_fsp_v3.5.0/toolchains/gcc_arm/gcc-arm-none-eabi-10.3-2021.10/bin/../lib/gcc/arm-none-eabi/10.3.1/../../../../arm-none-eabi/lib/thumb/v7e-m+fp/hard\libc_nano.a
END GROUP
START GROUP
LOAD c:/renesas/ra/e2studio_v2021-10_fsp_v3.5.0/toolchains/gcc_arm/gcc-arm-none-eabi-10.3-2021.10/bin/../lib/gcc/arm-none-eabi/10.3.1/thumb/v7e-m+fp/hard\libgcc.a
LOAD c:/renesas/ra/e2studio_v2021-10_fsp_v3.5.0/toolchains/gcc_arm/gcc-arm-none-eabi-10.3-2021.10/bin/../lib/gcc/arm-none-eabi/10.3.1/../../../../arm-none-eabi/lib/thumb/v7e-m+fp/hard\libc_nano.a
LOAD c:/renesas/ra/e2studio_v2021-10_fsp_v3.5.0/toolchains/gcc_arm/gcc-arm-none-eabi-10.3-2021.10/bin/../lib/gcc/arm-none-eabi/10.3.1/../../../../arm-none-eabi/lib/thumb/v7e-m+fp/hard\librdimon_nano.a
END GROUP
START GROUP
LOAD c:/renesas/ra/e2studio_v2021-10_fsp_v3.5.0/toolchains/gcc_arm/gcc-arm-none-eabi-10.3-2021.10/bin/../lib/gcc/arm-none-eabi/10.3.1/thumb/v7e-m+fp/hard\libgcc.a
LOAD c:/renesas/ra/e2studio_v2021-10_fsp_v3.5.0/toolchains/gcc_arm/gcc-arm-none-eabi-10.3-2021.10/bin/../lib/gcc/arm-none-eabi/10.3.1/../../../../arm-none-eabi/lib/thumb/v7e-m+fp/hard\libc_nano.a
LOAD c:/renesas/ra/e2studio_v2021-10_fsp_v3.5.0/toolchains/gcc_arm/gcc-arm-none-eabi-10.3-2021.10/bin/../lib/gcc/arm-none-eabi/10.3.1/../../../../arm-none-eabi/lib/thumb/v7e-m+fp/hard\librdimon_nano.a
END GROUP
LOAD c:/renesas/ra/e2studio_v2021-10_fsp_v3.5.0/toolchains/gcc_arm/gcc-arm-none-eabi-10.3-2021.10/bin/../lib/gcc/arm-none-eabi/10.3.1/thumb/v7e-m+fp/hard/crtend.o
LOAD c:/renesas/ra/e2studio_v2021-10_fsp_v3.5.0/toolchains/gcc_arm/gcc-arm-none-eabi-10.3-2021.10/bin/../lib/gcc/arm-none-eabi/10.3.1/thumb/v7e-m+fp/hard/crtn.o
                0x1ffe0000                RAM_START = 0x1ffe0000
                0x000a0000                RAM_LENGTH = 0xa0000
                0x00000000                FLASH_START = 0x0
                0x00200000                FLASH_LENGTH = 0x200000
                0x40100000                DATA_FLASH_START = 0x40100000
                0x00010000                DATA_FLASH_LENGTH = 0x10000
                0x00000000                OPTION_SETTING_START = 0x0
                0x00000000                OPTION_SETTING_LENGTH = 0x0
                0x00000000                OPTION_SETTING_S_START = 0x0
                0x00000000                OPTION_SETTING_S_LENGTH = 0x0
                0x0100a150                ID_CODE_START = 0x100a150
                0x00000010                ID_CODE_LENGTH = 0x10
                0x90000000                SDRAM_START = 0x90000000
                0x08000000                SDRAM_LENGTH = 0x8000000
                0x60000000                QSPI_FLASH_START = 0x60000000
                0x04000000                QSPI_FLASH_LENGTH = 0x4000000
                0x68000000                OSPI_DEVICE_0_START = 0x68000000
                0x00000000                OSPI_DEVICE_0_LENGTH = 0x0
                0x70000000                OSPI_DEVICE_1_START = 0x70000000
                0x00000000                OSPI_DEVICE_1_LENGTH = 0x0
                0x04000000                QSPI_FLASH_PRV_LENGTH = DEFINED (QSPI_FLASH_SIZE)?ABSOLUTE (QSPI_FLASH_SIZE):ABSOLUTE (QSPI_FLASH_LENGTH)
                0x00000000                OSPI_DEVICE_0_PRV_LENGTH = DEFINED (OSPI_DEVICE_0_SIZE)?ABSOLUTE (OSPI_DEVICE_0_SIZE):ABSOLUTE (OSPI_DEVICE_0_LENGTH)
                0x00000000                OSPI_DEVICE_1_PRV_LENGTH = DEFINED (OSPI_DEVICE_1_SIZE)?ABSOLUTE (OSPI_DEVICE_1_SIZE):ABSOLUTE (OSPI_DEVICE_1_LENGTH)
                0x00000000                __RESERVE_NS_RAM = ((! (DEFINED (PROJECT_NONSECURE)) && DEFINED (RAM_NS_BUFFER_LENGTH)) && (OPTION_SETTING_S_LENGTH != 0x0))
                0x00000000                RAM_NS_BUFFER_BLOCK_LENGTH = DEFINED (RAM_NS_BUFFER_LENGTH)?ALIGN (RAM_NS_BUFFER_LENGTH, 0x2000):0x0
                0x00000000                RAM_NS_BUFFER_LENGTH = DEFINED (RAM_NS_BUFFER_LENGTH)?RAM_NS_BUFFER_LENGTH:0x0
                0x20080000                RAM_NS_BUFFER_START = ((RAM_START + RAM_LENGTH) - RAM_NS_BUFFER_LENGTH)
                0x20080000                RAM_NS_BUFFER_BLOCK_START = ((RAM_START + RAM_LENGTH) - RAM_NS_BUFFER_BLOCK_LENGTH)
                0x0100a180                OPTION_SETTING_START_NS = 0x100a180
                0x00000001                __bl_FSP_BOOTABLE_IMAGE = 0x1
                0x00000001                __bln_FSP_BOOTABLE_IMAGE = 0x1
                0x00000000                PROJECT_SECURE_OR_FLAT = ((! (DEFINED (PROJECT_NONSECURE)) && OPTION_SETTING_LENGTH) && ! (DEFINED (FSP_BOOTABLE_IMAGE)))
                0x00000000                USE_OPTION_SETTING_NS = (DEFINED (PROJECT_NONSECURE) && ! (DEFINED (FSP_BOOTABLE_IMAGE)))
                0x00000000                __bl_FLASH_IMAGE_START = ! (DEFINED (FLASH_BOOTLOADER_LENGTH))?0x0:(FLASH_APPLICATION_IMAGE_NUMBER == 0x1)?(FLASH_BOOTLOADER_LENGTH + FLASH_BOOTLOADER_HEADER_LENGTH):(((FLASH_BOOTLOADER_LENGTH + FLASH_BOOTLOADER_SCRATCH_LENGTH) + FLASH_APPLICATION_S_LENGTH) + FLASH_BOOTLOADER_HEADER_LENGTH)
                0x00000000                __bl_FLASH_IMAGE_LENGTH = ! (DEFINED (FLASH_BOOTLOADER_LENGTH))?0x0:(FLASH_APPLICATION_S_LENGTH - FLASH_BOOTLOADER_HEADER_LENGTH)
                0x00000000                __bl_FLASH_IMAGE_END = (__bl_FLASH_IMAGE_START + __bl_FLASH_IMAGE_LENGTH)
                0x00000000                __bl_FLASH_NS_START = ! (DEFINED (FLASH_BOOTLOADER_LENGTH))?0x0:(FLASH_APPLICATION_NS_LENGTH == 0x0)?__bl_FLASH_IMAGE_END:((__bl_FLASH_IMAGE_START - FLASH_BOOTLOADER_HEADER_LENGTH) + FLASH_APPLICATION_S_LENGTH)
                0x00000000                __bl_FLASH_NSC_START = ! (DEFINED (FLASH_BOOTLOADER_LENGTH))?0x0:(FLASH_APPLICATION_NS_LENGTH == 0x0)?__bl_FLASH_IMAGE_END:(__bl_FLASH_NS_START - FLASH_APPLICATION_NSC_LENGTH)
                0x00000000                __bl_RAM_NS_START = ! (DEFINED (FLASH_BOOTLOADER_LENGTH))?0x0:(FLASH_APPLICATION_NS_LENGTH == 0x0)?(RAM_START + RAM_LENGTH):((RAM_START + RAM_LENGTH) - RAM_APPLICATION_NS_LENGTH)
                0x00000000                __bl_RAM_NSC_START = ! (DEFINED (FLASH_BOOTLOADER_LENGTH))?0x0:(FLASH_APPLICATION_NS_LENGTH == 0x0)?(RAM_START + RAM_LENGTH):(__bl_RAM_NS_START - RAM_APPLICATION_NSC_LENGTH)
                0x00000000                __bl_FLASH_NS_IMAGE_START = ! (DEFINED (FLASH_BOOTLOADER_LENGTH))?0x0:(FLASH_APPLICATION_NS_LENGTH == 0x0)?__bl_FLASH_IMAGE_END:(__bl_FLASH_NS_START + FLASH_BOOTLOADER_HEADER_LENGTH_2)
                0x00000000                __bln_FLASH_IMAGE_START = __bl_FLASH_NS_IMAGE_START
                0x00000000                __bln_FLASH_IMAGE_LENGTH = ! (DEFINED (FLASH_BOOTLOADER_LENGTH))?0x0:(FLASH_APPLICATION_NS_LENGTH == 0x0)?__bl_FLASH_IMAGE_END:(FLASH_APPLICATION_NS_LENGTH - FLASH_BOOTLOADER_HEADER_LENGTH_2)
                0x00000000                FLASH_ORIGIN = DEFINED (FLASH_IMAGE_START)?FLASH_IMAGE_START:FLASH_START
                0x00200000                LIMITED_FLASH_LENGTH = DEFINED (FLASH_IMAGE_LENGTH)?FLASH_IMAGE_LENGTH:DEFINED (FLASH_BOOTLOADER_LENGTH)?FLASH_BOOTLOADER_LENGTH:FLASH_LENGTH
START GROUP
LOAD c:/renesas/ra/e2studio_v2021-10_fsp_v3.5.0/toolchains/gcc_arm/gcc-arm-none-eabi-10.3-2021.10/bin/../lib/gcc/arm-none-eabi/10.3.1/thumb/v7e-m+fp/hard\libgcc.a
LOAD c:/renesas/ra/e2studio_v2021-10_fsp_v3.5.0/toolchains/gcc_arm/gcc-arm-none-eabi-10.3-2021.10/bin/../lib/gcc/arm-none-eabi/10.3.1/../../../../arm-none-eabi/lib/thumb/v7e-m+fp/hard\libc.a
LOAD c:/renesas/ra/e2studio_v2021-10_fsp_v3.5.0/toolchains/gcc_arm/gcc-arm-none-eabi-10.3-2021.10/bin/../lib/gcc/arm-none-eabi/10.3.1/../../../../arm-none-eabi/lib/thumb/v7e-m+fp/hard\libm.a
LOAD c:/renesas/ra/e2studio_v2021-10_fsp_v3.5.0/toolchains/gcc_arm/gcc-arm-none-eabi-10.3-2021.10/bin/../lib/gcc/arm-none-eabi/10.3.1/../../../../arm-none-eabi/lib/thumb/v7e-m+fp/hard\libnosys.a
END GROUP

.text           0x00000000     0x3a0c
                0x00000000                __tz_FLASH_S = ABSOLUTE (FLASH_START)
                0x00000000                __ROM_Start = .
 *(.fixed_vectors*)
 .fixed_vectors
                0x00000000       0x40 ./ra/fsp/src/bsp/cmsis/Device/RENESAS/Source/startup.o
                0x00000000                __Vectors
 *(.application_vectors*)
 .application_vectors
                0x00000040      0x180 ./ra_gen/vector_data.o
                0x00000040                g_vector_table
                0x000001c0                __Vectors_End = .
                0x00000400                . = (OPTION_SETTING_LENGTH > 0x0)?.:(__ROM_Start + 0x400)
 *fill*         0x000001c0      0x240 ff
 *(.rom_registers*)
 .rom_registers
                0x00000400       0x3c ./ra/fsp/src/bsp/mcu/all/bsp_rom_registers.o
                0x00000500                . = (OPTION_SETTING_LENGTH > 0x0)?.:(__ROM_Start + 0x500)
 *fill*         0x0000043c       0xc4 ff
                0x00000500                . = ALIGN (0x80)
 *(.mcuboot_sce9_key*)
 *(.text*)
 .text          0x00000500       0x40 c:/renesas/ra/e2studio_v2021-10_fsp_v3.5.0/toolchains/gcc_arm/gcc-arm-none-eabi-10.3-2021.10/bin/../lib/gcc/arm-none-eabi/10.3.1/thumb/v7e-m+fp/hard/crtbegin.o
 .text.init_agt
                0x00000540       0x1c ./src/agt.o
                0x00000540                init_agt
 .text.start_agt0
                0x0000055c       0x20 ./src/agt.o
                0x0000055c                start_agt0
 .text.start_agt1
                0x0000057c       0x20 ./src/agt.o
                0x0000057c                start_agt1
 .text.init_button_irq
                0x0000059c       0x68 ./src/button.o
                0x0000059c                init_button_irq
 .text.init_can
                0x00000604       0x10 ./src/can.o
                0x00000604                init_can
 .text.send_can
                0x00000614       0x7c ./src/can.o
                0x00000614                send_can
 .text.init_elevator
                0x00000690       0x3c ./src/elevator.o
                0x00000690                init_elevator
 .text.enqueue  0x000006cc       0x54 ./src/elevator.o
                0x000006cc                enqueue
 .text.start_moving
                0x00000720       0x44 ./src/elevator.o
                0x00000720                start_moving
 .text.stop_moving
                0x00000764       0x38 ./src/elevator.o
                0x00000764                stop_moving
 .text.move     0x0000079c       0x38 ./src/elevator.o
                0x0000079c                move
 .text.door_open
                0x000007d4       0x20 ./src/elevator.o
                0x000007d4                door_open
 .text.door_close
                0x000007f4       0x1c ./src/elevator.o
                0x000007f4                door_close
 .text.start_emergency
                0x00000810       0x68 ./src/elevator.o
                0x00000810                start_emergency
 .text.stop_emergency
                0x00000878       0x2c ./src/elevator.o
                0x00000878                stop_emergency
 .text.set_fnd  0x000008a4       0x24 ./src/fnd.o
                0x000008a4                set_fnd
 .text.__display_rotating
                0x000008c8       0x68 ./src/fnd.o
                0x000008c8                __display_rotating
 .text.display_fnd
                0x00000930       0xbc ./src/fnd.o
                0x00000930                display_fnd
 .text.init_fnd
                0x000009ec       0x14 ./src/fnd.o
                0x000009ec                init_fnd
 .text.rotate_fnd
                0x00000a00       0x3c ./src/fnd.o
                0x00000a00                rotate_fnd
 .text.init_gpio
                0x00000a3c       0x20 ./src/gpio.o
                0x00000a3c                init_gpio
 .text.get_led_state
                0x00000a5c        0xc ./src/gpio.o
                0x00000a5c                get_led_state
 .text.toggle_gpio
                0x00000a68       0x48 ./src/gpio.o
                0x00000a68                toggle_gpio
 .text.handle_control
                0x00000ab0       0x80 ./src/hal_entry.o
                0x00000ab0                handle_control
 .text.uartIRQ_callback
                0x00000b30       0x58 ./src/hal_entry.o
                0x00000b30                uartIRQ_callback
 .text.AGT0_Interrupt
                0x00000b88       0x54 ./src/hal_entry.o
                0x00000b88                AGT0_Interrupt
 .text.AGT1_Interrupt
                0x00000bdc       0xbc ./src/hal_entry.o
                0x00000bdc                AGT1_Interrupt
 .text.buttonIRQ_callback
                0x00000c98       0x28 ./src/hal_entry.o
                0x00000c98                buttonIRQ_callback
 .text.can_callback
                0x00000cc0        0x4 ./src/hal_entry.o
                0x00000cc0                can_callback
 .text.hal_entry
                0x00000cc4       0x78 ./src/hal_entry.o
                0x00000cc4                hal_entry
 .text.R_BSP_WarmStart
                0x00000d3c       0x18 ./src/hal_entry.o
                0x00000d3c                R_BSP_WarmStart
 .text.init_motor
                0x00000d54       0x5c ./src/motor.o
                0x00000d54                init_motor
 .text.start_motor
                0x00000db0       0x1c ./src/motor.o
                0x00000db0                start_motor
 .text.stop_motor
                0x00000dcc       0x20 ./src/motor.o
                0x00000dcc                stop_motor
 .text.set_motor_speed
                0x00000dec       0x4c ./src/motor.o
                0x00000dec                set_motor_speed
 .text.set_motor_dir
                0x00000e38       0x90 ./src/motor.o
                0x00000e38                set_motor_dir
 .text.init_resistor
                0x00000ec8       0x24 ./src/sensor.o
                0x00000ec8                init_resistor
 *fill*         0x00000eec        0x4 ff
 .text.read_resistor
                0x00000ef0       0x84 ./src/sensor.o
                0x00000ef0                read_resistor
 .text.play_sound
                0x00000f74       0x5c ./src/sound.o
                0x00000f74                play_sound
 .text.init_uart
                0x00000fd0       0x10 ./src/uart.o
                0x00000fd0                init_uart
 .text.transmit_stream
                0x00000fe0       0x50 ./src/uart.o
                0x00000fe0                transmit_stream
 .text.startup.main
                0x00001030        0xc ./ra_gen/main.o
                0x00001030                main
 .text.R_SCI_UART_Write
                0x0000103c       0x48 ./ra/fsp/src/r_sci_uart/r_sci_uart.o
                0x0000103c                R_SCI_UART_Write
 .text.r_sci_uart_call_callback
                0x00001084       0x44 ./ra/fsp/src/r_sci_uart/r_sci_uart.o
 .text.R_SCI_UART_Open
                0x000010c8      0x334 ./ra/fsp/src/r_sci_uart/r_sci_uart.o
                0x000010c8                R_SCI_UART_Open
 .text.sci_uart_txi_isr
                0x000013fc       0x88 ./ra/fsp/src/r_sci_uart/r_sci_uart.o
                0x000013fc                sci_uart_txi_isr
 .text.sci_uart_rxi_isr
                0x00001484       0x8c ./ra/fsp/src/r_sci_uart/r_sci_uart.o
                0x00001484                sci_uart_rxi_isr
 .text.sci_uart_tei_isr
                0x00001510       0x3c ./ra/fsp/src/r_sci_uart/r_sci_uart.o
                0x00001510                sci_uart_tei_isr
 .text.sci_uart_eri_isr
                0x0000154c       0x70 ./ra/fsp/src/r_sci_uart/r_sci_uart.o
                0x0000154c                sci_uart_eri_isr
 .text.R_IOPORT_Close
                0x000015bc        0x8 ./ra/fsp/src/r_ioport/r_ioport.o
                0x000015bc                R_IOPORT_Close
 .text.R_IOPORT_PinRead
                0x000015c4       0x1c ./ra/fsp/src/r_ioport/r_ioport.o
                0x000015c4                R_IOPORT_PinRead
 .text.R_IOPORT_PortRead
                0x000015e0       0x14 ./ra/fsp/src/r_ioport/r_ioport.o
                0x000015e0                R_IOPORT_PortRead
 .text.R_IOPORT_PortWrite
                0x000015f4       0x1c ./ra/fsp/src/r_ioport/r_ioport.o
                0x000015f4                R_IOPORT_PortWrite
 .text.R_IOPORT_PinWrite
                0x00001610       0x20 ./ra/fsp/src/r_ioport/r_ioport.o
                0x00001610                R_IOPORT_PinWrite
 .text.R_IOPORT_PortDirectionSet
                0x00001630       0x28 ./ra/fsp/src/r_ioport/r_ioport.o
                0x00001630                R_IOPORT_PortDirectionSet
 .text.R_IOPORT_PortEventInputRead
                0x00001658       0x18 ./ra/fsp/src/r_ioport/r_ioport.o
                0x00001658                R_IOPORT_PortEventInputRead
 .text.R_IOPORT_PinEventInputRead
                0x00001670       0x30 ./ra/fsp/src/r_ioport/r_ioport.o
                0x00001670                R_IOPORT_PinEventInputRead
 .text.R_IOPORT_PortEventOutputWrite
                0x000016a0       0x1c ./ra/fsp/src/r_ioport/r_ioport.o
                0x000016a0                R_IOPORT_PortEventOutputWrite
 .text.R_IOPORT_EthernetModeCfg
                0x000016bc        0xc ./ra/fsp/src/r_ioport/r_ioport.o
                0x000016bc                R_IOPORT_EthernetModeCfg
 .text.R_IOPORT_PinEventOutputWrite
                0x000016c8       0x38 ./ra/fsp/src/r_ioport/r_ioport.o
                0x000016c8                R_IOPORT_PinEventOutputWrite
 .text.bsp_vbatt_init
                0x00001700       0xac ./ra/fsp/src/r_ioport/r_ioport.o
 .text.r_ioport_pins_config
                0x000017ac       0xac ./ra/fsp/src/r_ioport/r_ioport.o
 .text.R_IOPORT_Open
                0x00001858       0x18 ./ra/fsp/src/r_ioport/r_ioport.o
                0x00001858                R_IOPORT_Open
 .text.R_IOPORT_PinsCfg
                0x00001870        0xc ./ra/fsp/src/r_ioport/r_ioport.o
                0x00001870                R_IOPORT_PinsCfg
 .text.R_IOPORT_PinCfg
                0x0000187c       0xa8 ./ra/fsp/src/r_ioport/r_ioport.o
                0x0000187c                R_IOPORT_PinCfg
 .text.R_ICU_ExternalIrqOpen
                0x00001924       0x80 ./ra/fsp/src/r_icu/r_icu.o
                0x00001924                R_ICU_ExternalIrqOpen
 .text.R_ICU_ExternalIrqEnable
                0x000019a4       0x40 ./ra/fsp/src/r_icu/r_icu.o
                0x000019a4                R_ICU_ExternalIrqEnable
 .text.r_icu_isr
                0x000019e4       0x6c ./ra/fsp/src/r_icu/r_icu.o
                0x000019e4                r_icu_isr
 .text.R_DAC_Open
                0x00001a50       0xbc ./ra/fsp/src/r_dac/r_dac.o
                0x00001a50                R_DAC_Open
 .text.R_DAC_Write
                0x00001b0c        0xc ./ra/fsp/src/r_dac/r_dac.o
                0x00001b0c                R_DAC_Write
 .text.R_DAC_Start
                0x00001b18       0xd8 ./ra/fsp/src/r_dac/r_dac.o
                0x00001b18                R_DAC_Start
 .text.r_can_call_callback
                0x00001bf0       0x6c ./ra/fsp/src/r_can/r_can.o
 .text.r_can_mode_transition
                0x00001c5c       0xb4 ./ra/fsp/src/r_can/r_can.o
 .text.r_can_mailbox_id_set.isra.0
                0x00001d10       0x3c ./ra/fsp/src/r_can/r_can.o
 .text.R_CAN_Write
                0x00001d4c       0x64 ./ra/fsp/src/r_can/r_can.o
                0x00001d4c                R_CAN_Write
 .text.R_CAN_Open
                0x00001db0      0x28c ./ra/fsp/src/r_can/r_can.o
                0x00001db0                R_CAN_Open
 .text.can_error_isr
                0x0000203c       0xd4 ./ra/fsp/src/r_can/r_can.o
                0x0000203c                can_error_isr
 .text.can_rx_isr
                0x00002110      0x11c ./ra/fsp/src/r_can/r_can.o
                0x00002110                can_rx_isr
 .text.can_tx_isr
                0x0000222c       0xa0 ./ra/fsp/src/r_can/r_can.o
                0x0000222c                can_tx_isr
 .text.R_AGT_Start
                0x000022cc       0x1c ./ra/fsp/src/r_agt/r_agt.o
                0x000022cc                R_AGT_Start
 .text.R_AGT_Open
                0x000022e8      0x118 ./ra/fsp/src/r_agt/r_agt.o
                0x000022e8                R_AGT_Open
 .text.agt_int_isr
                0x00002400       0x9c ./ra/fsp/src/r_agt/r_agt.o
                0x00002400                agt_int_isr
 .text.R_ADC_ScanStart
                0x0000249c        0xc ./ra/fsp/src/r_adc/r_adc.o
                0x0000249c                R_ADC_ScanStart
 .text.R_ADC_StatusGet
                0x000024a8       0x10 ./ra/fsp/src/r_adc/r_adc.o
                0x000024a8                R_ADC_StatusGet
 .text.R_ADC_Read
                0x000024b8       0x10 ./ra/fsp/src/r_adc/r_adc.o
                0x000024b8                R_ADC_Read
 .text.R_ADC_ScanCfg
                0x000024c8      0x1ec ./ra/fsp/src/r_adc/r_adc.o
                0x000024c8                R_ADC_ScanCfg
 .text.R_ADC_Open
                0x000026b4      0x224 ./ra/fsp/src/r_adc/r_adc.o
                0x000026b4                R_ADC_Open
 .text.SystemCoreClockUpdate
                0x000028d8       0x28 ./ra/fsp/src/bsp/mcu/all/bsp_clocks.o
                0x000028d8                SystemCoreClockUpdate
 .text.bsp_clock_init
                0x00002900      0x104 ./ra/fsp/src/bsp/mcu/all/bsp_clocks.o
                0x00002900                bsp_clock_init
 .text.bsp_init_internal
                0x00002a04        0x4 ./ra/fsp/src/bsp/mcu/all/bsp_common.o
                0x00002a04                bsp_init_internal
                0x00002a04                bsp_init
 .text.bsp_prv_software_delay_loop
                0x00002a08        0xc ./ra/fsp/src/bsp/mcu/all/bsp_delay.o
                0x00002a08                bsp_prv_software_delay_loop
 .text.R_BSP_SoftwareDelay
                0x00002a14       0x5c ./ra/fsp/src/bsp/mcu/all/bsp_delay.o
                0x00002a14                R_BSP_SoftwareDelay
 .text.NMI_Handler
                0x00002a70       0x38 ./ra/fsp/src/bsp/mcu/all/bsp_group_irq.o
                0x00002a70                NMI_Handler
 .text.bsp_irq_cfg
                0x00002aa8       0x28 ./ra/fsp/src/bsp/mcu/all/bsp_irq.o
                0x00002aa8                bsp_irq_cfg
 .text.R_BSP_RegisterProtectEnable
                0x00002ad0       0x60 ./ra/fsp/src/bsp/mcu/all/bsp_register_protection.o
                0x00002ad0                R_BSP_RegisterProtectEnable
 .text.R_BSP_RegisterProtectDisable
                0x00002b30       0x54 ./ra/fsp/src/bsp/mcu/all/bsp_register_protection.o
                0x00002b30                R_BSP_RegisterProtectDisable
 .text._sbrk    0x00002b84       0x3c ./ra/fsp/src/bsp/mcu/all/bsp_sbrk.o
                0x00002b84                _sbrk
 .text.Default_Handler
                0x00002bc0        0x4 ./ra/fsp/src/bsp/cmsis/Device/RENESAS/Source/startup.o
                0x00002bc0                DebugMon_Handler
                0x00002bc0                HardFault_Handler
                0x00002bc0                SysTick_Handler
                0x00002bc0                PendSV_Handler
                0x00002bc0                UsageFault_Handler
                0x00002bc0                SecureFault_Handler
                0x00002bc0                Default_Handler
                0x00002bc0                MemManage_Handler
                0x00002bc0                SVC_Handler
                0x00002bc0                BusFault_Handler
 .text.Reset_Handler
                0x00002bc4        0xc ./ra/fsp/src/bsp/cmsis/Device/RENESAS/Source/startup.o
                0x00002bc4                Reset_Handler
 .text.SystemInit
                0x00002bd0       0xc0 ./ra/fsp/src/bsp/cmsis/Device/RENESAS/Source/system.o
                0x00002bd0                SystemInit
 .text          0x00002c90      0x254 c:/renesas/ra/e2studio_v2021-10_fsp_v3.5.0/toolchains/gcc_arm/gcc-arm-none-eabi-10.3-2021.10/bin/../lib/gcc/arm-none-eabi/10.3.1/thumb/v7e-m+fp/hard\libgcc.a(_arm_muldf3.o)
                0x00002c90                __muldf3
                0x00002c90                __aeabi_dmul
 .text          0x00002ee4      0x378 c:/renesas/ra/e2studio_v2021-10_fsp_v3.5.0/toolchains/gcc_arm/gcc-arm-none-eabi-10.3-2021.10/bin/../lib/gcc/arm-none-eabi/10.3.1/thumb/v7e-m+fp/hard\libgcc.a(_arm_addsubdf3.o)
                0x00002ee4                __aeabi_drsub
                0x00002eec                __aeabi_dsub
                0x00002eec                __subdf3
                0x00002ef0                __aeabi_dadd
                0x00002ef0                __adddf3
                0x00003168                __floatunsidf
                0x00003168                __aeabi_ui2d
                0x00003188                __floatsidf
                0x00003188                __aeabi_i2d
                0x000031ac                __aeabi_f2d
                0x000031ac                __extendsfdf2
                0x000031f0                __floatundidf
                0x000031f0                __aeabi_ul2d
                0x00003200                __floatdidf
                0x00003200                __aeabi_l2d
 .text          0x0000325c       0x40 c:/renesas/ra/e2studio_v2021-10_fsp_v3.5.0/toolchains/gcc_arm/gcc-arm-none-eabi-10.3-2021.10/bin/../lib/gcc/arm-none-eabi/10.3.1/thumb/v7e-m+fp/hard\libgcc.a(_arm_fixunsdfsi.o)
                0x0000325c                __aeabi_d2uiz
                0x0000325c                __fixunsdfsi
 .text.__errno  0x0000329c        0xc c:/renesas/ra/e2studio_v2021-10_fsp_v3.5.0/toolchains/gcc_arm/gcc-arm-none-eabi-10.3-2021.10/bin/../lib/gcc/arm-none-eabi/10.3.1/../../../../arm-none-eabi/lib/thumb/v7e-m+fp/hard\libg_nano.a(lib_a-errno.o)
                0x0000329c                __errno
 .text.malloc   0x000032a8       0x10 c:/renesas/ra/e2studio_v2021-10_fsp_v3.5.0/toolchains/gcc_arm/gcc-arm-none-eabi-10.3-2021.10/bin/../lib/gcc/arm-none-eabi/10.3.1/../../../../arm-none-eabi/lib/thumb/v7e-m+fp/hard\libg_nano.a(lib_a-malloc.o)
                0x000032a8                malloc
 .text.free     0x000032b8       0x10 c:/renesas/ra/e2studio_v2021-10_fsp_v3.5.0/toolchains/gcc_arm/gcc-arm-none-eabi-10.3-2021.10/bin/../lib/gcc/arm-none-eabi/10.3.1/../../../../arm-none-eabi/lib/thumb/v7e-m+fp/hard\libg_nano.a(lib_a-malloc.o)
                0x000032b8                free
 .text.memcpy   0x000032c8       0x1c c:/renesas/ra/e2studio_v2021-10_fsp_v3.5.0/toolchains/gcc_arm/gcc-arm-none-eabi-10.3-2021.10/bin/../lib/gcc/arm-none-eabi/10.3.1/../../../../arm-none-eabi/lib/thumb/v7e-m+fp/hard\libg_nano.a(lib_a-memcpy-stub.o)
                0x000032c8                memcpy
 .text.memset   0x000032e4       0x10 c:/renesas/ra/e2studio_v2021-10_fsp_v3.5.0/toolchains/gcc_arm/gcc-arm-none-eabi-10.3-2021.10/bin/../lib/gcc/arm-none-eabi/10.3.1/../../../../arm-none-eabi/lib/thumb/v7e-m+fp/hard\libg_nano.a(lib_a-memset.o)
                0x000032e4                memset
 .text._free_r  0x000032f4       0x98 c:/renesas/ra/e2studio_v2021-10_fsp_v3.5.0/toolchains/gcc_arm/gcc-arm-none-eabi-10.3-2021.10/bin/../lib/gcc/arm-none-eabi/10.3.1/../../../../arm-none-eabi/lib/thumb/v7e-m+fp/hard\libg_nano.a(lib_a-nano-freer.o)
                0x000032f4                _free_r
 .text.sbrk_aligned
                0x0000338c       0x40 c:/renesas/ra/e2studio_v2021-10_fsp_v3.5.0/toolchains/gcc_arm/gcc-arm-none-eabi-10.3-2021.10/bin/../lib/gcc/arm-none-eabi/10.3.1/../../../../arm-none-eabi/lib/thumb/v7e-m+fp/hard\libg_nano.a(lib_a-nano-mallocr.o)
 .text._malloc_r
                0x000033cc       0xe8 c:/renesas/ra/e2studio_v2021-10_fsp_v3.5.0/toolchains/gcc_arm/gcc-arm-none-eabi-10.3-2021.10/bin/../lib/gcc/arm-none-eabi/10.3.1/../../../../arm-none-eabi/lib/thumb/v7e-m+fp/hard\libg_nano.a(lib_a-nano-mallocr.o)
                0x000033cc                _malloc_r
 .text._sbrk_r  0x000034b4       0x20 c:/renesas/ra/e2studio_v2021-10_fsp_v3.5.0/toolchains/gcc_arm/gcc-arm-none-eabi-10.3-2021.10/bin/../lib/gcc/arm-none-eabi/10.3.1/../../../../arm-none-eabi/lib/thumb/v7e-m+fp/hard\libg_nano.a(lib_a-sbrkr.o)
                0x000034b4                _sbrk_r
 .text          0x000034d4       0x10 c:/renesas/ra/e2studio_v2021-10_fsp_v3.5.0/toolchains/gcc_arm/gcc-arm-none-eabi-10.3-2021.10/bin/../lib/gcc/arm-none-eabi/10.3.1/../../../../arm-none-eabi/lib/thumb/v7e-m+fp/hard\libg_nano.a(lib_a-strlen.o)
                0x000034d4                strlen
 .text.__malloc_lock
                0x000034e4        0xc c:/renesas/ra/e2studio_v2021-10_fsp_v3.5.0/toolchains/gcc_arm/gcc-arm-none-eabi-10.3-2021.10/bin/../lib/gcc/arm-none-eabi/10.3.1/../../../../arm-none-eabi/lib/thumb/v7e-m+fp/hard\libg_nano.a(lib_a-mlock.o)
                0x000034e4                __malloc_lock
 .text.__malloc_unlock
                0x000034f0        0xc c:/renesas/ra/e2studio_v2021-10_fsp_v3.5.0/toolchains/gcc_arm/gcc-arm-none-eabi-10.3-2021.10/bin/../lib/gcc/arm-none-eabi/10.3.1/../../../../arm-none-eabi/lib/thumb/v7e-m+fp/hard\libg_nano.a(lib_a-mlock.o)
                0x000034f0                __malloc_unlock
 .text.__retarget_lock_acquire_recursive
                0x000034fc        0x2 c:/renesas/ra/e2studio_v2021-10_fsp_v3.5.0/toolchains/gcc_arm/gcc-arm-none-eabi-10.3-2021.10/bin/../lib/gcc/arm-none-eabi/10.3.1/../../../../arm-none-eabi/lib/thumb/v7e-m+fp/hard\libg_nano.a(lib_a-lock.o)
                0x000034fc                __retarget_lock_acquire_recursive
 .text.__retarget_lock_release_recursive
                0x000034fe        0x2 c:/renesas/ra/e2studio_v2021-10_fsp_v3.5.0/toolchains/gcc_arm/gcc-arm-none-eabi-10.3-2021.10/bin/../lib/gcc/arm-none-eabi/10.3.1/../../../../arm-none-eabi/lib/thumb/v7e-m+fp/hard\libg_nano.a(lib_a-lock.o)
                0x000034fe                __retarget_lock_release_recursive
 *(.version)
 .version       0x00003500       0x50 ./ra/fsp/src/bsp/mcu/all/bsp_common.o
 *(.init)
 .init          0x00003550        0x4 c:/renesas/ra/e2studio_v2021-10_fsp_v3.5.0/toolchains/gcc_arm/gcc-arm-none-eabi-10.3-2021.10/bin/../lib/gcc/arm-none-eabi/10.3.1/thumb/v7e-m+fp/hard/crti.o
                0x00003550                _init
 .init          0x00003554        0x8 c:/renesas/ra/e2studio_v2021-10_fsp_v3.5.0/toolchains/gcc_arm/gcc-arm-none-eabi-10.3-2021.10/bin/../lib/gcc/arm-none-eabi/10.3.1/thumb/v7e-m+fp/hard/crtn.o
 *(.fini)
 .fini          0x0000355c        0x4 c:/renesas/ra/e2studio_v2021-10_fsp_v3.5.0/toolchains/gcc_arm/gcc-arm-none-eabi-10.3-2021.10/bin/../lib/gcc/arm-none-eabi/10.3.1/thumb/v7e-m+fp/hard/crti.o
                0x0000355c                _fini
 .fini          0x00003560        0x8 c:/renesas/ra/e2studio_v2021-10_fsp_v3.5.0/toolchains/gcc_arm/gcc-arm-none-eabi-10.3-2021.10/bin/../lib/gcc/arm-none-eabi/10.3.1/thumb/v7e-m+fp/hard/crtn.o
 *crtbegin.o(.ctors)
 *crtbegin?.o(.ctors)
 *(EXCLUDE_FILE(*crtend.o *crtend?.o) .ctors)
 *(SORT_BY_NAME(.ctors.*))
 *(.ctors)
 *crtbegin.o(.dtors)
 *crtbegin?.o(.dtors)
 *(EXCLUDE_FILE(*crtend.o *crtend?.o) .dtors)
 *(SORT_BY_NAME(.dtors.*))
 *(.dtors)
 *(.rodata*)
 .rodata.str1.4
                0x00003568       0x45 ./src/can.o
 *fill*         0x000035ad        0x3 ff
 .rodata.door_open.str1.4
                0x000035b0        0x5 ./src/elevator.o
 *fill*         0x000035b5        0x3 ff
 .rodata.door_close.str1.4
                0x000035b8        0x6 ./src/elevator.o
 *fill*         0x000035be        0x2 ff
 .rodata.stop_emergency.str1.4
                0x000035c0        0x7 ./src/elevator.o
 *fill*         0x000035c7        0x1 ff
 .rodata.HEX_HI
                0x000035c8       0x20 ./src/fnd.o
                0x000035c8                HEX_HI
 .rodata.HEX_LO
                0x000035e8       0x20 ./src/fnd.o
                0x000035e8                HEX_LO
 .rodata.ROTATE_HI
                0x00003608        0xc ./src/fnd.o
                0x00003608                ROTATE_HI
 .rodata.ROTATE_LO
                0x00003614        0xc ./src/fnd.o
                0x00003614                ROTATE_LO
 .rodata.size   0x00003620        0x8 ./src/sound.o
                0x00003620                size
 .rodata.sound  0x00003628        0x8 ./src/sound.o
                0x00003628                sound
 .rodata.ETX    0x00003630        0x1 ./src/uart.o
                0x00003630                ETX
 .rodata.STX    0x00003631        0x1 ./src/uart.o
                0x00003631                STX
 *fill*         0x00003632        0x2 ff
 .rodata.g_ioport
                0x00003634        0xc ./ra_gen/common_data.o
                0x00003634                g_ioport
 .rodata.g_adc0_cfg
                0x00003640       0x18 ./ra_gen/hal_data.o
                0x00003640                g_adc0_cfg
 .rodata.g_adc0_cfg_extend
                0x00003658        0xa ./ra_gen/hal_data.o
                0x00003658                g_adc0_cfg_extend
 *fill*         0x00003662        0x2 ff
 .rodata.g_adc0_channel_cfg
                0x00003664       0x14 ./ra_gen/hal_data.o
                0x00003664                g_adc0_channel_cfg
 .rodata.g_can0_cfg
                0x00003678       0x18 ./ra_gen/hal_data.o
                0x00003678                g_can0_cfg
 .rodata.g_can0_extended_cfg
                0x00003690       0x20 ./ra_gen/hal_data.o
                0x00003690                g_can0_extended_cfg
 .rodata.g_dac0_cfg
                0x000036b0        0x8 ./ra_gen/hal_data.o
                0x000036b0                g_dac0_cfg
 .rodata.g_dac0_ext_cfg
                0x000036b8        0x4 ./ra_gen/hal_data.o
                0x000036b8                g_dac0_ext_cfg
 .rodata.g_external_irq11_cfg
                0x000036bc       0x14 ./ra_gen/hal_data.o
                0x000036bc                g_external_irq11_cfg
 .rodata.g_external_irq12_cfg
                0x000036d0       0x14 ./ra_gen/hal_data.o
                0x000036d0                g_external_irq12_cfg
 .rodata.g_external_irq13_cfg
                0x000036e4       0x14 ./ra_gen/hal_data.o
                0x000036e4                g_external_irq13_cfg
 .rodata.g_external_irq14_cfg
                0x000036f8       0x14 ./ra_gen/hal_data.o
                0x000036f8                g_external_irq14_cfg
 .rodata.g_timer0_cfg
                0x0000370c       0x20 ./ra_gen/hal_data.o
                0x0000370c                g_timer0_cfg
 .rodata.g_timer0_extend
                0x0000372c        0x7 ./ra_gen/hal_data.o
                0x0000372c                g_timer0_extend
 *fill*         0x00003733        0x1 ff
 .rodata.g_timer1_cfg
                0x00003734       0x20 ./ra_gen/hal_data.o
                0x00003734                g_timer1_cfg
 .rodata.g_timer1_extend
                0x00003754        0x7 ./ra_gen/hal_data.o
                0x00003754                g_timer1_extend
 *fill*         0x0000375b        0x1 ff
 .rodata.g_uart0_cfg
                0x0000375c       0x20 ./ra_gen/hal_data.o
                0x0000375c                g_uart0_cfg
 .rodata.g_uart0_cfg_extend
                0x0000377c       0x10 ./ra_gen/hal_data.o
                0x0000377c                g_uart0_cfg_extend
 .rodata.g_bsp_pin_cfg
                0x0000378c        0x8 ./ra_gen/pin_data.o
                0x0000378c                g_bsp_pin_cfg
 .rodata.g_bsp_pin_cfg_data
                0x00003794      0x108 ./ra_gen/pin_data.o
                0x00003794                g_bsp_pin_cfg_data
 .rodata.g_interrupt_event_link_select
                0x0000389c       0xc0 ./ra_gen/vector_data.o
                0x0000389c                g_interrupt_event_link_select
 .rodata.g_ioport_on_ioport
                0x0000395c       0x38 ./ra/fsp/src/r_ioport/r_ioport.o
                0x0000395c                g_ioport_on_ioport
 .rodata.adc_elc_trigger_lut
                0x00003994        0xc ./ra/fsp/src/r_adc/r_adc.o
 .rodata.g_prcr_masks
                0x000039a0        0x8 ./ra/fsp/src/bsp/mcu/all/bsp_register_protection.o
 .rodata.__sf_fake_stderr
                0x000039a8       0x20 c:/renesas/ra/e2studio_v2021-10_fsp_v3.5.0/toolchains/gcc_arm/gcc-arm-none-eabi-10.3-2021.10/bin/../lib/gcc/arm-none-eabi/10.3.1/../../../../arm-none-eabi/lib/thumb/v7e-m+fp/hard\libc_nano.a(lib_a-findfp.o)
                0x000039a8                __sf_fake_stderr
 .rodata.__sf_fake_stdin
                0x000039c8       0x20 c:/renesas/ra/e2studio_v2021-10_fsp_v3.5.0/toolchains/gcc_arm/gcc-arm-none-eabi-10.3-2021.10/bin/../lib/gcc/arm-none-eabi/10.3.1/../../../../arm-none-eabi/lib/thumb/v7e-m+fp/hard\libc_nano.a(lib_a-findfp.o)
                0x000039c8                __sf_fake_stdin
 .rodata.__sf_fake_stdout
                0x000039e8       0x20 c:/renesas/ra/e2studio_v2021-10_fsp_v3.5.0/toolchains/gcc_arm/gcc-arm-none-eabi-10.3-2021.10/bin/../lib/gcc/arm-none-eabi/10.3.1/../../../../arm-none-eabi/lib/thumb/v7e-m+fp/hard\libc_nano.a(lib_a-findfp.o)
                0x000039e8                __sf_fake_stdout
                0x00003a08                __usb_dev_descriptor_start_fs = .
 *(.usb_device_desc_fs*)
                0x00003a08                __usb_cfg_descriptor_start_fs = .
 *(.usb_config_desc_fs*)
                0x00003a08                __usb_interface_descriptor_start_fs = .
 *(.usb_interface_desc_fs*)
                0x00003a08                __usb_descriptor_end_fs = .
                0x00003a08                __usb_dev_descriptor_start_hs = .
 *(.usb_device_desc_hs*)
                0x00003a08                __usb_cfg_descriptor_start_hs = .
 *(.usb_config_desc_hs*)
                0x00003a08                __usb_interface_descriptor_start_hs = .
 *(.usb_interface_desc_hs*)
                0x00003a08                __usb_descriptor_end_hs = .
 *(.eh_frame*)
 .eh_frame      0x00003a08        0x0 c:/renesas/ra/e2studio_v2021-10_fsp_v3.5.0/toolchains/gcc_arm/gcc-arm-none-eabi-10.3-2021.10/bin/../lib/gcc/arm-none-eabi/10.3.1/thumb/v7e-m+fp/hard/crtbegin.o
 .eh_frame      0x00003a08        0x4 c:/renesas/ra/e2studio_v2021-10_fsp_v3.5.0/toolchains/gcc_arm/gcc-arm-none-eabi-10.3-2021.10/bin/../lib/gcc/arm-none-eabi/10.3.1/thumb/v7e-m+fp/hard/crtend.o
                0x00003a0c                __ROM_End = .
                0x000001c0                __Vectors_Size = (__Vectors_End - __Vectors)

.glue_7         0x00003a0c        0x0
 .glue_7        0x00003a0c        0x0 linker stubs

.glue_7t        0x00003a0c        0x0
 .glue_7t       0x00003a0c        0x0 linker stubs

.vfp11_veneer   0x00003a0c        0x0
 .vfp11_veneer  0x00003a0c        0x0 linker stubs

.v4_bx          0x00003a0c        0x0
 .v4_bx         0x00003a0c        0x0 linker stubs

.iplt           0x00003a0c        0x0
 .iplt          0x00003a0c        0x0 c:/renesas/ra/e2studio_v2021-10_fsp_v3.5.0/toolchains/gcc_arm/gcc-arm-none-eabi-10.3-2021.10/bin/../lib/gcc/arm-none-eabi/10.3.1/thumb/v7e-m+fp/hard/crtbegin.o

.ARM.extab
 *(.ARM.extab* .gnu.linkonce.armextab.*)
                0x00003a0c                __exidx_start = .

.ARM.exidx
 *(.ARM.exidx* .gnu.linkonce.armexidx.*)
                0x00003a0c                __exidx_end = .
                0x00003a0c                __etext = .
                0x1ffe0000                __tz_RAM_S = ORIGIN (RAM)

.fsp_dtc_vector_table
                0x1ffe0000        0x0
                0x1ffe0000                . = ORIGIN (RAM)
 *(.fsp_dtc_vector_table)

.data           0x1ffe0000    0x6b9b0 load address 0x00003a0c
                0x1ffe0000                __data_start__ = .
                0x1ffe0000                . = ALIGN (0x4)
                0x1ffe0000                __Code_In_RAM_Start = .
 *(.code_in_ram*)
                0x1ffe0000                __Code_In_RAM_End = .
 *(vtable)
 *(.data.*)
 .data.arrival  0x1ffe0000    0x25fe0 ./src/arrival.o
                0x1ffe0000                arrival
 .data.frame    0x20005fe0       0x14 ./src/can.o
                0x20005fe0                frame
 .data.msg      0x20005ff4       0x18 ./src/can.o
                0x20005ff4                msg
 .data.fnd_state
                0x2000600c       0x10 ./src/fnd.o
                0x2000600c                fnd_state
 .data.count_3s
                0x2000601c        0x4 ./src/hal_entry.o
                0x2000601c                count_3s
 .data.uart_stage
                0x20006020        0x1 ./src/hal_entry.o
                0x20006020                uart_stage
 *fill*         0x20006021        0x3 
 .data.stream   0x20006024        0x9 ./src/uart.o
                0x20006024                stream
 *fill*         0x2000602d        0x3 
 .data.warning  0x20006030    0x457e0 ./src/warning.o
                0x20006030                warning
 .data.g_can0_bit_timing_cfg
                0x2004b810       0x10 ./ra_gen/hal_data.o
                0x2004b810                g_can0_bit_timing_cfg
 .data.g_can0_mailbox
                0x2004b820      0x100 ./ra_gen/hal_data.o
                0x2004b820                g_can0_mailbox
 .data.g_can0_mailbox_mask
                0x2004b920       0x20 ./ra_gen/hal_data.o
                0x2004b920                g_can0_mailbox_mask
 .data.g_uart0_baud_setting
                0x2004b940        0x4 ./ra_gen/hal_data.o
                0x2004b940                g_uart0_baud_setting
 .data._impure_ptr
                0x2004b944        0x4 c:/renesas/ra/e2studio_v2021-10_fsp_v3.5.0/toolchains/gcc_arm/gcc-arm-none-eabi-10.3-2021.10/bin/../lib/gcc/arm-none-eabi/10.3.1/../../../../arm-none-eabi/lib/thumb/v7e-m+fp/hard\libg_nano.a(lib_a-impure.o)
                0x2004b944                _impure_ptr
 .data.impure_data
                0x2004b948       0x60 c:/renesas/ra/e2studio_v2021-10_fsp_v3.5.0/toolchains/gcc_arm/gcc-arm-none-eabi-10.3-2021.10/bin/../lib/gcc/arm-none-eabi/10.3.1/../../../../arm-none-eabi/lib/thumb/v7e-m+fp/hard\libg_nano.a(lib_a-impure.o)
 *(.data)
                0x2004b9a8                . = ALIGN (0x4)
                0x2004b9a8                PROVIDE (__preinit_array_start = .)
 *(.preinit_array)
                0x2004b9a8                PROVIDE (__preinit_array_end = .)
                0x2004b9a8                . = ALIGN (0x4)
                0x2004b9a8                PROVIDE (__init_array_start = .)
 *(SORT_BY_NAME(.init_array.*))
 *(.init_array)
 .init_array    0x2004b9a8        0x4 c:/renesas/ra/e2studio_v2021-10_fsp_v3.5.0/toolchains/gcc_arm/gcc-arm-none-eabi-10.3-2021.10/bin/../lib/gcc/arm-none-eabi/10.3.1/thumb/v7e-m+fp/hard/crtbegin.o
                0x2004b9ac                PROVIDE (__init_array_end = .)
                0x2004b9ac                . = ALIGN (0x4)
                [!provide]                PROVIDE (__fini_array_start = .)
 *(SORT_BY_NAME(.fini_array.*))
 *(.fini_array)
 .fini_array    0x2004b9ac        0x4 c:/renesas/ra/e2studio_v2021-10_fsp_v3.5.0/toolchains/gcc_arm/gcc-arm-none-eabi-10.3-2021.10/bin/../lib/gcc/arm-none-eabi/10.3.1/thumb/v7e-m+fp/hard/crtbegin.o
                [!provide]                PROVIDE (__fini_array_end = .)
 *(.jcr*)
                0x2004b9b0                . = ALIGN (0x4)
                0x2004b9b0                __data_end__ = .

.igot.plt       0x2004b9b0        0x0 load address 0x0006f3bc
 .igot.plt      0x2004b9b0        0x0 c:/renesas/ra/e2studio_v2021-10_fsp_v3.5.0/toolchains/gcc_arm/gcc-arm-none-eabi-10.3-2021.10/bin/../lib/gcc/arm-none-eabi/10.3.1/thumb/v7e-m+fp/hard/crtbegin.o

.gnu.sgstubs    0x0006f400        0x0
                0x0006f400                . = (DEFINED (PROJECT_SECURE) && DEFINED (FLASH_NSC_START))?ABSOLUTE (FLASH_NSC_START):ALIGN (0x400)
                0x0006f400                __tz_FLASH_C = DEFINED (FLASH_NSC_START)?ABSOLUTE (FLASH_NSC_START):__RESERVE_NS_RAM?ABSOLUTE ((FLASH_START + FLASH_LENGTH)):ALIGN (0x400)
                0x0006f400                _start_sg = .
 *(.gnu.sgstubs*)
                0x0006f400                . = ALIGN (0x20)
                0x0006f400                _end_sg = .
                0x00070000                __tz_FLASH_N = DEFINED (FLASH_NS_START)?ABSOLUTE (FLASH_NS_START):__RESERVE_NS_RAM?ABSOLUTE ((FLASH_START + FLASH_LENGTH)):(FLASH_LENGTH < 0x8000)?FLASH_LENGTH:ALIGN (0x8000)
                0x00070000                FLASH_NS_IMAGE_START = DEFINED (FLASH_NS_IMAGE_START)?FLASH_NS_IMAGE_START:__tz_FLASH_N
                0x60000000                __tz_QSPI_FLASH_S = ORIGIN (QSPI_FLASH)

.qspi_flash     0x60000000        0x0
                0x60000000                __qspi_flash_start__ = .
 *(.qspi_flash*)
 *(.code_in_qspi*)
                0x60000000                __qspi_flash_end__ = .
                0x00000000                __qspi_flash_code_size__ = (__qspi_flash_end__ - __qspi_flash_start__)
                0x0006f3bc                __qspi_flash_code_addr__ = (__etext + (__data_end__ - __data_start__))

.qspi_non_retentive
                0x60000000        0x0 load address 0x0006f3bc
                0x60000000                __qspi_non_retentive_start__ = .
 *(.qspi_non_retentive*)
                0x60000000                __qspi_non_retentive_end__ = .
                0x00000000                __qspi_non_retentive_size__ = (__qspi_non_retentive_end__ - __qspi_non_retentive_start__)
                0x04000000                __qspi_region_max_size__ = 0x4000000
                0x60000000                __qspi_region_start_address__ = __qspi_flash_start__
                0x64000000                __qspi_region_end_address__ = (__qspi_flash_start__ + __qspi_region_max_size__)
                0x60000000                __tz_QSPI_FLASH_N = __qspi_non_retentive_end__

.OSPI_DEVICE_0_NO_LOAD
                0x68000000        0x0
                0x68000000                . = ALIGN (0x4)
                0x68000000                __ospi_device_0_start__ = .
 *(.ospi_device_0_no_load*)
                0x68000000                . = ALIGN (0x4)
                0x68000000                __ospi_device_0_end__ = .

.OSPI_DEVICE_1_NO_LOAD
                0x70000000        0x0
                0x70000000                . = ALIGN (0x4)
                0x70000000                __ospi_device_1_start__ = .
 *(.ospi_device_1_no_load*)
                0x70000000                . = ALIGN (0x4)
                0x70000000                __ospi_device_1_end__ = .
                0x68000000                __tz_OSPI_DEVICE_0_S = ORIGIN (OSPI_DEVICE_0)

.OSPI_DEVICE_0  0x68000000        0x0
                0x68000000                __ospi_device_0_start__ = .
 *(.ospi_device_0*)
 *(.code_in_ospi_device_0*)
                0x68000000                __ospi_device_0_end__ = .
                0x00000000                __ospi_device_0_code_size__ = (__ospi_device_0_end__ - __ospi_device_0_start__)
                0x0006f3bc                __ospi_device_0_code_addr__ = (__etext + (__data_end__ - __data_start__))

.ospi_device_0_non_retentive
                0x68000000        0x0 load address 0x0006f3bc
                0x68000000                __ospi_device_0_non_retentive_start__ = .
 *(.ospi_device_0_non_retentive*)
                0x68000000                __ospi_device_0_non_retentive_end__ = .
                0x00000000                __ospi_device_0_non_retentive_size__ = (__ospi_device_0_non_retentive_end__ - __ospi_device_0_non_retentive_start__)
                0x08000000                __ospi_device_0_region_max_size__ = 0x8000000
                0x68000000                __ospi_device_0_region_start_address__ = __ospi_device_0_start__
                0x70000000                __ospi_device_0_region_end_address__ = (__ospi_device_0_start__ + __ospi_device_0_region_max_size__)
                0x68000000                __tz_OSPI_DEVICE_0_N = __ospi_device_0_non_retentive_end__
                0x70000000                __tz_OSPI_DEVICE_1_S = ORIGIN (OSPI_DEVICE_1)

.OSPI_DEVICE_1  0x70000000        0x0
                0x70000000                __ospi_device_1_start__ = .
 *(.ospi_device_1*)
 *(.code_in_ospi_device_1*)
                0x70000000                __ospi_device_1_end__ = .
                0x00000000                __ospi_device_1_code_size__ = (__ospi_device_1_end__ - __ospi_device_1_start__)
                0x0006f3bc                __ospi_device_1_code_addr__ = (__etext + (__data_end__ - __data_start__))

.ospi_device_1_non_retentive
                0x70000000        0x0 load address 0x0006f3bc
                0x70000000                __ospi_device_1_non_retentive_start__ = .
 *(.ospi_device_1_non_retentive*)
                0x70000000                __ospi_device_1_non_retentive_end__ = .
                0x00000000                __ospi_device_1_non_retentive_size__ = (__ospi_device_1_non_retentive_end__ - __ospi_device_1_non_retentive_start__)
                0x10000000                __ospi_device_1_region_max_size__ = 0x10000000
                0x70000000                __ospi_device_1_region_start_address__ = __ospi_device_1_start__
                0x80000000                __ospi_device_1_region_end_address__ = (__ospi_device_1_start__ + __ospi_device_1_region_max_size__)
                0x70000000                __tz_OSPI_DEVICE_1_N = __ospi_device_1_non_retentive_end__

.noinit         0x2004b9b0       0x18
                0x2004b9b0                . = ALIGN (0x4)
                0x2004b9b0                __noinit_start = .
 *(.noinit*)
 .noinit        0x2004b9b0       0x18 ./ra/fsp/src/bsp/mcu/all/bsp_clocks.o
                0x2004b9c8                . = ALIGN (0x8)
 *(.heap.*)
                0x2004b9c8                __noinit_end = .

.bss            0x2004b9c8      0x32c
                0x2004b9c8                . = ALIGN (0x4)
                0x2004b9c8                __bss_start__ = .
 *(.bss*)
 .bss           0x2004b9c8       0x1c c:/renesas/ra/e2studio_v2021-10_fsp_v3.5.0/toolchains/gcc_arm/gcc-arm-none-eabi-10.3-2021.10/bin/../lib/gcc/arm-none-eabi/10.3.1/thumb/v7e-m+fp/hard/crtbegin.o
 .bss.led_state
                0x2004b9e4        0x4 ./src/gpio.o
                0x2004b9e4                led_state
 .bss.count_1s  0x2004b9e8        0x4 ./src/hal_entry.o
                0x2004b9e8                count_1s
 .bss.elevator  0x2004b9ec        0x4 ./src/hal_entry.o
                0x2004b9ec                elevator
 .bss.motor     0x2004b9f0        0x4 ./src/hal_entry.o
                0x2004b9f0                motor
 .bss.node      0x2004b9f4        0x8 ./src/node.o
                0x2004b9f4                node
 .bss.g_ioport_ctrl
                0x2004b9fc        0x8 ./ra_gen/common_data.o
                0x2004b9fc                g_ioport_ctrl
 .bss.g_adc0_ctrl
                0x2004ba04       0x24 ./ra_gen/hal_data.o
                0x2004ba04                g_adc0_ctrl
 .bss.g_can0_ctrl
                0x2004ba28       0x28 ./ra_gen/hal_data.o
                0x2004ba28                g_can0_ctrl
 .bss.g_dac0_ctrl
                0x2004ba50       0x10 ./ra_gen/hal_data.o
                0x2004ba50                g_dac0_ctrl
 .bss.g_external_irq11_ctrl
                0x2004ba60       0x10 ./ra_gen/hal_data.o
                0x2004ba60                g_external_irq11_ctrl
 .bss.g_external_irq12_ctrl
                0x2004ba70       0x10 ./ra_gen/hal_data.o
                0x2004ba70                g_external_irq12_ctrl
 .bss.g_external_irq13_ctrl
                0x2004ba80       0x10 ./ra_gen/hal_data.o
                0x2004ba80                g_external_irq13_ctrl
 .bss.g_external_irq14_ctrl
                0x2004ba90       0x10 ./ra_gen/hal_data.o
                0x2004ba90                g_external_irq14_ctrl
 .bss.g_timer0_ctrl
                0x2004baa0       0x1c ./ra_gen/hal_data.o
                0x2004baa0                g_timer0_ctrl
 .bss.g_timer1_ctrl
                0x2004babc       0x1c ./ra_gen/hal_data.o
                0x2004babc                g_timer1_ctrl
 .bss.g_uart0_ctrl
                0x2004bad8       0x30 ./ra_gen/hal_data.o
                0x2004bad8                g_uart0_ctrl
 .bss.gp_prv_agt_periods
                0x2004bb08        0x8 ./ra/fsp/src/r_agt/r_agt.o
 .bss.g_bsp_group_irq_sources
                0x2004bb10       0x40 ./ra/fsp/src/bsp/mcu/all/bsp_group_irq.o
                0x2004bb10                g_bsp_group_irq_sources
 .bss.g_protect_pfswe_counter
                0x2004bb50        0x4 ./ra/fsp/src/bsp/mcu/all/bsp_io.o
                0x2004bb50                g_protect_pfswe_counter
 .bss.gp_renesas_isr_context
                0x2004bb54      0x180 ./ra/fsp/src/bsp/mcu/all/bsp_irq.o
                0x2004bb54                gp_renesas_isr_context
 .bss.g_protect_counters
                0x2004bcd4        0x8 ./ra/fsp/src/bsp/mcu/all/bsp_register_protection.o
                0x2004bcd4                g_protect_counters
 .bss.current_heap_end.0
                0x2004bcdc        0x4 ./ra/fsp/src/bsp/mcu/all/bsp_sbrk.o
 .bss.SystemCoreClock
                0x2004bce0        0x4 ./ra/fsp/src/bsp/cmsis/Device/RENESAS/Source/system.o
                0x2004bce0                SystemCoreClock
 .bss.__malloc_free_list
                0x2004bce4        0x4 c:/renesas/ra/e2studio_v2021-10_fsp_v3.5.0/toolchains/gcc_arm/gcc-arm-none-eabi-10.3-2021.10/bin/../lib/gcc/arm-none-eabi/10.3.1/../../../../arm-none-eabi/lib/thumb/v7e-m+fp/hard\libg_nano.a(lib_a-nano-mallocr.o)
                0x2004bce4                __malloc_free_list
 .bss.__malloc_sbrk_start
                0x2004bce8        0x4 c:/renesas/ra/e2studio_v2021-10_fsp_v3.5.0/toolchains/gcc_arm/gcc-arm-none-eabi-10.3-2021.10/bin/../lib/gcc/arm-none-eabi/10.3.1/../../../../arm-none-eabi/lib/thumb/v7e-m+fp/hard\libg_nano.a(lib_a-nano-mallocr.o)
                0x2004bce8                __malloc_sbrk_start
 .bss.errno     0x2004bcec        0x4 c:/renesas/ra/e2studio_v2021-10_fsp_v3.5.0/toolchains/gcc_arm/gcc-arm-none-eabi-10.3-2021.10/bin/../lib/gcc/arm-none-eabi/10.3.1/../../../../arm-none-eabi/lib/thumb/v7e-m+fp/hard\libg_nano.a(lib_a-reent.o)
                0x2004bcec                errno
 .bss.__lock___malloc_recursive_mutex
                0x2004bcf0        0x1 c:/renesas/ra/e2studio_v2021-10_fsp_v3.5.0/toolchains/gcc_arm/gcc-arm-none-eabi-10.3-2021.10/bin/../lib/gcc/arm-none-eabi/10.3.1/../../../../arm-none-eabi/lib/thumb/v7e-m+fp/hard\libg_nano.a(lib_a-lock.o)
                0x2004bcf0                __lock___malloc_recursive_mutex
 *(COMMON)
                0x2004bcf4                . = ALIGN (0x4)
 *fill*         0x2004bcf1        0x3 
                0x2004bcf4                __bss_end__ = .

.heap           0x2004bcf8     0x7d00
                0x2004bcf8                . = ALIGN (0x8)
                0x2004bcf8                __HeapBase = .
 *(.heap)
 .heap          0x2004bcf8     0x7d00 ./ra/fsp/src/bsp/cmsis/Device/RENESAS/Source/startup.o
                0x200539f8                __HeapLimit = .

.stack_dummy    0x200539f8      0x400
                0x200539f8                . = ALIGN (0x8)
                0x200539f8                __StackLimit = .
 *(.stack)
 .stack         0x200539f8      0x400 ./ra/fsp/src/bsp/cmsis/Device/RENESAS/Source/startup.o
                0x20053df8                __StackTop = .
 *(.stack*)
                0x20053df8                __StackTopAll = .
                0x20053df8                PROVIDE (__stack = __StackTopAll)
                0x20053df8                __RAM_segment_used_end__ = ALIGN (__StackTopAll, 0x4)
                0x20054000                __tz_RAM_C = DEFINED (RAM_NSC_START)?ABSOLUTE (RAM_NSC_START):__RESERVE_NS_RAM?ABSOLUTE (RAM_NS_BUFFER_BLOCK_START):ALIGN (__RAM_segment_used_end__, 0x400)
                0x20054000                __tz_RAM_N = DEFINED (RAM_NS_START)?ABSOLUTE (RAM_NS_START):__RESERVE_NS_RAM?ABSOLUTE (RAM_NS_BUFFER_BLOCK_START):ALIGN (__tz_RAM_C, 0x2000)

.ns_buffer      0x20053df8        0x0
                0x20053df8                . = __RESERVE_NS_RAM?ABSOLUTE ((RAM_NS_BUFFER_START & 0xffffffe0)):.
 *(.ns_buffer*)

.data_flash     0x40100000        0x0
                0x40100000                . = ORIGIN (DATA_FLASH)
                0x40100000                __tz_DATA_FLASH_S = .
                0x40100000                __Data_Flash_Start = .
 *(.data_flash*)
                0x40100000                __Data_Flash_End = .
                0x40100000                __tz_DATA_FLASH_N = DEFINED (DATA_FLASH_NS_START)?ABSOLUTE (DATA_FLASH_NS_START):__RESERVE_NS_RAM?ABSOLUTE ((DATA_FLASH_START + DATA_FLASH_LENGTH)):ALIGN (0x400)
                0x90000000                __tz_SDRAM_S = ORIGIN (SDRAM)

.sdram          0x90000000        0x0
                0x90000000                __SDRAM_Start = .
 *(.sdram*)
 *(.frame*)
                0x90000000                __SDRAM_End = .
                0x90000000                __tz_SDRAM_N = __SDRAM_End
                0x0100a150                __tz_ID_CODE_S = ORIGIN (ID_CODE)

.id_code        0x0100a150       0x10
                0x0100a150                __ID_Code_Start = .
 *(.id_code*)
 .id_code       0x0100a150       0x10 ./ra/fsp/src/bsp/mcu/all/bsp_rom_registers.o
                0x0100a160                __ID_Code_End = .
                0x0100a160                __tz_ID_CODE_N = __ID_Code_End
                0x00000000                __tz_OPTION_SETTING_S = ORIGIN (OPTION_SETTING)

.rel.dyn        0x0100a160        0x0
 .rel.iplt      0x0100a160        0x0 c:/renesas/ra/e2studio_v2021-10_fsp_v3.5.0/toolchains/gcc_arm/gcc-arm-none-eabi-10.3-2021.10/bin/../lib/gcc/arm-none-eabi/10.3.1/thumb/v7e-m+fp/hard/crtbegin.o

.option_setting
                0x00000000        0x0
                0x00000000                __OPTION_SETTING_Start = .
 *(.option_setting_ofs0)
                0x00000000                . = PROJECT_SECURE_OR_FLAT?(__OPTION_SETTING_Start + 0x10):__OPTION_SETTING_Start
 *(.option_setting_dualsel)
                0x00000000                . = PROJECT_SECURE_OR_FLAT?(__OPTION_SETTING_Start + 0x34):__OPTION_SETTING_Start
 *(.option_setting_sas)
                0x00000000                __OPTION_SETTING_End = .
                0x0100a180                __tz_OPTION_SETTING_N = OPTION_SETTING_START_NS

.option_setting_ns
                0x00000000        0x0
                0x00000000                __OPTION_SETTING_NS_Start = .
 *(.option_setting_ofs1)
                0x00000000                . = USE_OPTION_SETTING_NS?(__OPTION_SETTING_NS_Start + 0x10):__OPTION_SETTING_NS_Start
 *(.option_setting_banksel)
                0x00000000                . = USE_OPTION_SETTING_NS?(__OPTION_SETTING_NS_Start + 0x40):__OPTION_SETTING_NS_Start
 *(.option_setting_bps0)
                0x00000000                . = USE_OPTION_SETTING_NS?(__OPTION_SETTING_NS_Start + 0x44):__OPTION_SETTING_NS_Start
 *(.option_setting_bps1)
                0x00000000                . = USE_OPTION_SETTING_NS?(__OPTION_SETTING_NS_Start + 0x48):__OPTION_SETTING_NS_Start
 *(.option_setting_bps2)
                0x00000000                . = USE_OPTION_SETTING_NS?(__OPTION_SETTING_NS_Start + 0x60):__OPTION_SETTING_NS_Start
 *(.option_setting_pbps0)
                0x00000000                . = USE_OPTION_SETTING_NS?(__OPTION_SETTING_NS_Start + 0x64):__OPTION_SETTING_NS_Start
 *(.option_setting_pbps1)
                0x00000000                . = USE_OPTION_SETTING_NS?(__OPTION_SETTING_NS_Start + 0x68):__OPTION_SETTING_NS_Start
 *(.option_setting_pbps2)
                0x00000000                __OPTION_SETTING_NS_End = .
                0x00000000                __tz_OPTION_SETTING_S_S = ORIGIN (OPTION_SETTING_S)

.option_setting_s
                0x00000000        0x0
                0x00000000                __OPTION_SETTING_S_Start = .
 *(.option_setting_ofs1_sec)
                0x00000000                . = PROJECT_SECURE_OR_FLAT?(__OPTION_SETTING_S_Start + 0x10):__OPTION_SETTING_S_Start
 *(.option_setting_banksel_sec)
                0x00000000                . = PROJECT_SECURE_OR_FLAT?(__OPTION_SETTING_S_Start + 0x40):__OPTION_SETTING_S_Start
 *(.option_setting_bps_sec0)
                0x00000000                . = PROJECT_SECURE_OR_FLAT?(__OPTION_SETTING_S_Start + 0x44):__OPTION_SETTING_S_Start
 *(.option_setting_bps_sec1)
                0x00000000                . = PROJECT_SECURE_OR_FLAT?(__OPTION_SETTING_S_Start + 0x48):__OPTION_SETTING_S_Start
 *(.option_setting_bps_sec2)
                0x00000000                . = PROJECT_SECURE_OR_FLAT?(__OPTION_SETTING_S_Start + 0x60):__OPTION_SETTING_S_Start
 *(.option_setting_pbps_sec0)
                0x00000000                . = PROJECT_SECURE_OR_FLAT?(__OPTION_SETTING_S_Start + 0x64):__OPTION_SETTING_S_Start
 *(.option_setting_pbps_sec1)
                0x00000000                . = PROJECT_SECURE_OR_FLAT?(__OPTION_SETTING_S_Start + 0x68):__OPTION_SETTING_S_Start
 *(.option_setting_pbps_sec2)
                0x00000000                . = PROJECT_SECURE_OR_FLAT?(__OPTION_SETTING_S_Start + 0x80):__OPTION_SETTING_S_Start
 *(.option_setting_ofs1_sel)
                0x00000000                . = PROJECT_SECURE_OR_FLAT?(__OPTION_SETTING_S_Start + 0x90):__OPTION_SETTING_S_Start
 *(.option_setting_banksel_sel)
                0x00000000                . = PROJECT_SECURE_OR_FLAT?(__OPTION_SETTING_S_Start + 0xc0):__OPTION_SETTING_S_Start
 *(.option_setting_bps_sel0)
                0x00000000                . = PROJECT_SECURE_OR_FLAT?(__OPTION_SETTING_S_Start + 0xc4):__OPTION_SETTING_S_Start
 *(.option_setting_bps_sel1)
                0x00000000                . = PROJECT_SECURE_OR_FLAT?(__OPTION_SETTING_S_Start + 0xc8):__OPTION_SETTING_S_Start
 *(.option_setting_bps_sel2)
                0x00000000                __OPTION_SETTING_S_End = .
                0x00000000                __tz_OPTION_SETTING_S_N = __OPTION_SETTING_S_End
OUTPUT(Final.elf elf32-littlearm)
LOAD linker stubs

.ARM.attributes
                0x00000000       0x30
 .ARM.attributes
                0x00000000       0x1e c:/renesas/ra/e2studio_v2021-10_fsp_v3.5.0/toolchains/gcc_arm/gcc-arm-none-eabi-10.3-2021.10/bin/../lib/gcc/arm-none-eabi/10.3.1/thumb/v7e-m+fp/hard/crti.o
 .ARM.attributes
                0x0000001e       0x34 c:/renesas/ra/e2studio_v2021-10_fsp_v3.5.0/toolchains/gcc_arm/gcc-arm-none-eabi-10.3-2021.10/bin/../lib/gcc/arm-none-eabi/10.3.1/thumb/v7e-m+fp/hard/crtbegin.o
 .ARM.attributes
                0x00000052       0x34 ./src/agt.o
 .ARM.attributes
                0x00000086       0x34 ./src/arrival.o
 .ARM.attributes
                0x000000ba       0x34 ./src/button.o
 .ARM.attributes
                0x000000ee       0x34 ./src/can.o
 .ARM.attributes
                0x00000122       0x34 ./src/elevator.o
 .ARM.attributes
                0x00000156       0x34 ./src/fnd.o
 .ARM.attributes
                0x0000018a       0x34 ./src/gpio.o
 .ARM.attributes
                0x000001be       0x34 ./src/hal_entry.o
 .ARM.attributes
                0x000001f2       0x34 ./src/motor.o
 .ARM.attributes
                0x00000226       0x34 ./src/node.o
 .ARM.attributes
                0x0000025a       0x34 ./src/sensor.o
 .ARM.attributes
                0x0000028e       0x34 ./src/sound.o
 .ARM.attributes
                0x000002c2       0x34 ./src/uart.o
 .ARM.attributes
                0x000002f6       0x34 ./src/warning.o
 .ARM.attributes
                0x0000032a       0x34 ./ra_gen/common_data.o
 .ARM.attributes
                0x0000035e       0x34 ./ra_gen/hal_data.o
 .ARM.attributes
                0x00000392       0x34 ./ra_gen/main.o
 .ARM.attributes
                0x000003c6       0x34 ./ra_gen/pin_data.o
 .ARM.attributes
                0x000003fa       0x34 ./ra_gen/vector_data.o
 .ARM.attributes
                0x0000042e       0x34 ./ra/fsp/src/r_sci_uart/r_sci_uart.o
 .ARM.attributes
                0x00000462       0x34 ./ra/fsp/src/r_ioport/r_ioport.o
 .ARM.attributes
                0x00000496       0x34 ./ra/fsp/src/r_icu/r_icu.o
 .ARM.attributes
                0x000004ca       0x34 ./ra/fsp/src/r_dac/r_dac.o
 .ARM.attributes
                0x000004fe       0x34 ./ra/fsp/src/r_can/r_can.o
 .ARM.attributes
                0x00000532       0x34 ./ra/fsp/src/r_agt/r_agt.o
 .ARM.attributes
                0x00000566       0x34 ./ra/fsp/src/r_adc/r_adc.o
 .ARM.attributes
                0x0000059a       0x34 ./ra/fsp/src/bsp/mcu/all/bsp_clocks.o
 .ARM.attributes
                0x000005ce       0x34 ./ra/fsp/src/bsp/mcu/all/bsp_common.o
 .ARM.attributes
                0x00000602       0x34 ./ra/fsp/src/bsp/mcu/all/bsp_delay.o
 .ARM.attributes
                0x00000636       0x34 ./ra/fsp/src/bsp/mcu/all/bsp_group_irq.o
 .ARM.attributes
                0x0000066a       0x34 ./ra/fsp/src/bsp/mcu/all/bsp_io.o
 .ARM.attributes
                0x0000069e       0x34 ./ra/fsp/src/bsp/mcu/all/bsp_irq.o
 .ARM.attributes
                0x000006d2       0x34 ./ra/fsp/src/bsp/mcu/all/bsp_register_protection.o
 .ARM.attributes
                0x00000706       0x34 ./ra/fsp/src/bsp/mcu/all/bsp_rom_registers.o
 .ARM.attributes
                0x0000073a       0x34 ./ra/fsp/src/bsp/mcu/all/bsp_sbrk.o
 .ARM.attributes
                0x0000076e       0x34 ./ra/fsp/src/bsp/cmsis/Device/RENESAS/Source/startup.o
 .ARM.attributes
                0x000007a2       0x34 ./ra/fsp/src/bsp/cmsis/Device/RENESAS/Source/system.o
 .ARM.attributes
                0x000007d6       0x1e c:/renesas/ra/e2studio_v2021-10_fsp_v3.5.0/toolchains/gcc_arm/gcc-arm-none-eabi-10.3-2021.10/bin/../lib/gcc/arm-none-eabi/10.3.1/thumb/v7e-m+fp/hard\libgcc.a(_arm_muldf3.o)
 .ARM.attributes
                0x000007f4       0x1e c:/renesas/ra/e2studio_v2021-10_fsp_v3.5.0/toolchains/gcc_arm/gcc-arm-none-eabi-10.3-2021.10/bin/../lib/gcc/arm-none-eabi/10.3.1/thumb/v7e-m+fp/hard\libgcc.a(_arm_addsubdf3.o)
 .ARM.attributes
                0x00000812       0x1e c:/renesas/ra/e2studio_v2021-10_fsp_v3.5.0/toolchains/gcc_arm/gcc-arm-none-eabi-10.3-2021.10/bin/../lib/gcc/arm-none-eabi/10.3.1/thumb/v7e-m+fp/hard\libgcc.a(_arm_fixunsdfsi.o)
 .ARM.attributes
                0x00000830       0x34 c:/renesas/ra/e2studio_v2021-10_fsp_v3.5.0/toolchains/gcc_arm/gcc-arm-none-eabi-10.3-2021.10/bin/../lib/gcc/arm-none-eabi/10.3.1/../../../../arm-none-eabi/lib/thumb/v7e-m+fp/hard\libg_nano.a(lib_a-errno.o)
 .ARM.attributes
                0x00000864       0x34 c:/renesas/ra/e2studio_v2021-10_fsp_v3.5.0/toolchains/gcc_arm/gcc-arm-none-eabi-10.3-2021.10/bin/../lib/gcc/arm-none-eabi/10.3.1/../../../../arm-none-eabi/lib/thumb/v7e-m+fp/hard\libg_nano.a(lib_a-impure.o)
 .ARM.attributes
                0x00000898       0x34 c:/renesas/ra/e2studio_v2021-10_fsp_v3.5.0/toolchains/gcc_arm/gcc-arm-none-eabi-10.3-2021.10/bin/../lib/gcc/arm-none-eabi/10.3.1/../../../../arm-none-eabi/lib/thumb/v7e-m+fp/hard\libg_nano.a(lib_a-malloc.o)
 .ARM.attributes
                0x000008cc       0x34 c:/renesas/ra/e2studio_v2021-10_fsp_v3.5.0/toolchains/gcc_arm/gcc-arm-none-eabi-10.3-2021.10/bin/../lib/gcc/arm-none-eabi/10.3.1/../../../../arm-none-eabi/lib/thumb/v7e-m+fp/hard\libg_nano.a(lib_a-memcpy-stub.o)
 .ARM.attributes
                0x00000900       0x34 c:/renesas/ra/e2studio_v2021-10_fsp_v3.5.0/toolchains/gcc_arm/gcc-arm-none-eabi-10.3-2021.10/bin/../lib/gcc/arm-none-eabi/10.3.1/../../../../arm-none-eabi/lib/thumb/v7e-m+fp/hard\libg_nano.a(lib_a-memset.o)
 .ARM.attributes
                0x00000934       0x34 c:/renesas/ra/e2studio_v2021-10_fsp_v3.5.0/toolchains/gcc_arm/gcc-arm-none-eabi-10.3-2021.10/bin/../lib/gcc/arm-none-eabi/10.3.1/../../../../arm-none-eabi/lib/thumb/v7e-m+fp/hard\libg_nano.a(lib_a-nano-freer.o)
 .ARM.attributes
                0x00000968       0x34 c:/renesas/ra/e2studio_v2021-10_fsp_v3.5.0/toolchains/gcc_arm/gcc-arm-none-eabi-10.3-2021.10/bin/../lib/gcc/arm-none-eabi/10.3.1/../../../../arm-none-eabi/lib/thumb/v7e-m+fp/hard\libg_nano.a(lib_a-nano-mallocr.o)
 .ARM.attributes
                0x0000099c       0x34 c:/renesas/ra/e2studio_v2021-10_fsp_v3.5.0/toolchains/gcc_arm/gcc-arm-none-eabi-10.3-2021.10/bin/../lib/gcc/arm-none-eabi/10.3.1/../../../../arm-none-eabi/lib/thumb/v7e-m+fp/hard\libg_nano.a(lib_a-sbrkr.o)
 .ARM.attributes
                0x000009d0       0x17 c:/renesas/ra/e2studio_v2021-10_fsp_v3.5.0/toolchains/gcc_arm/gcc-arm-none-eabi-10.3-2021.10/bin/../lib/gcc/arm-none-eabi/10.3.1/../../../../arm-none-eabi/lib/thumb/v7e-m+fp/hard\libg_nano.a(lib_a-strlen.o)
 .ARM.attributes
                0x000009e7       0x34 c:/renesas/ra/e2studio_v2021-10_fsp_v3.5.0/toolchains/gcc_arm/gcc-arm-none-eabi-10.3-2021.10/bin/../lib/gcc/arm-none-eabi/10.3.1/../../../../arm-none-eabi/lib/thumb/v7e-m+fp/hard\libg_nano.a(lib_a-mlock.o)
 .ARM.attributes
                0x00000a1b       0x34 c:/renesas/ra/e2studio_v2021-10_fsp_v3.5.0/toolchains/gcc_arm/gcc-arm-none-eabi-10.3-2021.10/bin/../lib/gcc/arm-none-eabi/10.3.1/../../../../arm-none-eabi/lib/thumb/v7e-m+fp/hard\libg_nano.a(lib_a-reent.o)
 .ARM.attributes
                0x00000a4f       0x34 c:/renesas/ra/e2studio_v2021-10_fsp_v3.5.0/toolchains/gcc_arm/gcc-arm-none-eabi-10.3-2021.10/bin/../lib/gcc/arm-none-eabi/10.3.1/../../../../arm-none-eabi/lib/thumb/v7e-m+fp/hard\libg_nano.a(lib_a-lock.o)
 .ARM.attributes
                0x00000a83       0x34 c:/renesas/ra/e2studio_v2021-10_fsp_v3.5.0/toolchains/gcc_arm/gcc-arm-none-eabi-10.3-2021.10/bin/../lib/gcc/arm-none-eabi/10.3.1/../../../../arm-none-eabi/lib/thumb/v7e-m+fp/hard\libc_nano.a(lib_a-findfp.o)
 .ARM.attributes
                0x00000ab7       0x34 c:/renesas/ra/e2studio_v2021-10_fsp_v3.5.0/toolchains/gcc_arm/gcc-arm-none-eabi-10.3-2021.10/bin/../lib/gcc/arm-none-eabi/10.3.1/thumb/v7e-m+fp/hard/crtend.o
 .ARM.attributes
                0x00000aeb       0x1e c:/renesas/ra/e2studio_v2021-10_fsp_v3.5.0/toolchains/gcc_arm/gcc-arm-none-eabi-10.3-2021.10/bin/../lib/gcc/arm-none-eabi/10.3.1/thumb/v7e-m+fp/hard/crtn.o

.comment        0x00000000       0x49
 .comment       0x00000000       0x49 ./src/agt.o
                                 0x4a (size before relaxing)
 .comment       0x00000049       0x4a ./src/arrival.o
 .comment       0x00000049       0x4a ./src/button.o
 .comment       0x00000049       0x4a ./src/can.o
 .comment       0x00000049       0x4a ./src/elevator.o
 .comment       0x00000049       0x4a ./src/fnd.o
 .comment       0x00000049       0x4a ./src/gpio.o
 .comment       0x00000049       0x4a ./src/hal_entry.o
 .comment       0x00000049       0x4a ./src/motor.o
 .comment       0x00000049       0x4a ./src/node.o
 .comment       0x00000049       0x4a ./src/sensor.o
 .comment       0x00000049       0x4a ./src/sound.o
 .comment       0x00000049       0x4a ./src/uart.o
 .comment       0x00000049       0x4a ./src/warning.o
 .comment       0x00000049       0x4a ./ra_gen/common_data.o
 .comment       0x00000049       0x4a ./ra_gen/hal_data.o
 .comment       0x00000049       0x4a ./ra_gen/main.o
 .comment       0x00000049       0x4a ./ra_gen/pin_data.o
 .comment       0x00000049       0x4a ./ra_gen/vector_data.o
 .comment       0x00000049       0x4a ./ra/fsp/src/r_sci_uart/r_sci_uart.o
 .comment       0x00000049       0x4a ./ra/fsp/src/r_ioport/r_ioport.o
 .comment       0x00000049       0x4a ./ra/fsp/src/r_icu/r_icu.o
 .comment       0x00000049       0x4a ./ra/fsp/src/r_dac/r_dac.o
 .comment       0x00000049       0x4a ./ra/fsp/src/r_can/r_can.o
 .comment       0x00000049       0x4a ./ra/fsp/src/r_agt/r_agt.o
 .comment       0x00000049       0x4a ./ra/fsp/src/r_adc/r_adc.o
 .comment       0x00000049       0x4a ./ra/fsp/src/bsp/mcu/all/bsp_clocks.o
 .comment       0x00000049       0x4a ./ra/fsp/src/bsp/mcu/all/bsp_common.o
 .comment       0x00000049       0x4a ./ra/fsp/src/bsp/mcu/all/bsp_delay.o
 .comment       0x00000049       0x4a ./ra/fsp/src/bsp/mcu/all/bsp_group_irq.o
 .comment       0x00000049       0x4a ./ra/fsp/src/bsp/mcu/all/bsp_io.o
 .comment       0x00000049       0x4a ./ra/fsp/src/bsp/mcu/all/bsp_irq.o
 .comment       0x00000049       0x4a ./ra/fsp/src/bsp/mcu/all/bsp_register_protection.o
 .comment       0x00000049       0x4a ./ra/fsp/src/bsp/mcu/all/bsp_rom_registers.o
 .comment       0x00000049       0x4a ./ra/fsp/src/bsp/mcu/all/bsp_sbrk.o
 .comment       0x00000049       0x4a ./ra/fsp/src/bsp/cmsis/Device/RENESAS/Source/startup.o
 .comment       0x00000049       0x4a ./ra/fsp/src/bsp/cmsis/Device/RENESAS/Source/system.o

.debug_info     0x00000000    0x55bc8
 .debug_info    0x00000000      0x90e ./src/agt.o
 .debug_info    0x0000090e       0x59 ./src/arrival.o
 .debug_info    0x00000967      0x47f ./src/button.o
 .debug_info    0x00000de6     0x1c01 ./src/can.o
 .debug_info    0x000029e7      0x6fc ./src/elevator.o
 .debug_info    0x000030e3      0x5cf ./src/fnd.o
 .debug_info    0x000036b2      0xd7b ./src/gpio.o
 .debug_info    0x0000442d     0x1dad ./src/hal_entry.o
 .debug_info    0x000061da     0x309b ./src/motor.o
 .debug_info    0x00009275      0x100 ./src/node.o
 .debug_info    0x00009375     0x32c0 ./src/sensor.o
 .debug_info    0x0000c635      0x6d2 ./src/sound.o
 .debug_info    0x0000cd07     0x2f22 ./src/uart.o
 .debug_info    0x0000fc29       0x59 ./src/warning.o
 .debug_info    0x0000fc82     0x122f ./ra_gen/common_data.o
 .debug_info    0x00010eb1     0xce57 ./ra_gen/hal_data.o
 .debug_info    0x0001dd08       0xb1 ./ra_gen/main.o
 .debug_info    0x0001ddb9      0x9e1 ./ra_gen/pin_data.o
 .debug_info    0x0001e79a      0x9fd ./ra_gen/vector_data.o
 .debug_info    0x0001f197     0x959e ./ra/fsp/src/r_sci_uart/r_sci_uart.o
 .debug_info    0x00028735     0x6909 ./ra/fsp/src/r_ioport/r_ioport.o
 .debug_info    0x0002f03e     0x1d87 ./ra/fsp/src/r_icu/r_icu.o
 .debug_info    0x00030dc5     0x1a7d ./ra/fsp/src/r_dac/r_dac.o
 .debug_info    0x00032842     0x4fb7 ./ra/fsp/src/r_can/r_can.o
 .debug_info    0x000377f9     0x6cab ./ra/fsp/src/r_agt/r_agt.o
 .debug_info    0x0003e4a4     0xb07f ./ra/fsp/src/r_adc/r_adc.o
 .debug_info    0x00049523     0x440f ./ra/fsp/src/bsp/mcu/all/bsp_clocks.o
 .debug_info    0x0004d932      0x8a3 ./ra/fsp/src/bsp/mcu/all/bsp_common.o
 .debug_info    0x0004e1d5      0x1c8 ./ra/fsp/src/bsp/mcu/all/bsp_delay.o
 .debug_info    0x0004e39d     0x1370 ./ra/fsp/src/bsp/mcu/all/bsp_group_irq.o
 .debug_info    0x0004f70d       0xaa ./ra/fsp/src/bsp/mcu/all/bsp_io.o
 .debug_info    0x0004f7b7     0x1532 ./ra/fsp/src/bsp/mcu/all/bsp_irq.o
 .debug_info    0x00050ce9     0x39e6 ./ra/fsp/src/bsp/mcu/all/bsp_register_protection.o
 .debug_info    0x000546cf       0xdd ./ra/fsp/src/bsp/mcu/all/bsp_rom_registers.o
 .debug_info    0x000547ac      0x142 ./ra/fsp/src/bsp/mcu/all/bsp_sbrk.o
 .debug_info    0x000548ee      0x16c ./ra/fsp/src/bsp/cmsis/Device/RENESAS/Source/startup.o
 .debug_info    0x00054a5a     0x116e ./ra/fsp/src/bsp/cmsis/Device/RENESAS/Source/system.o

.debug_abbrev   0x00000000     0x549d
 .debug_abbrev  0x00000000      0x1c4 ./src/agt.o
 .debug_abbrev  0x000001c4       0x4f ./src/arrival.o
 .debug_abbrev  0x00000213      0x172 ./src/button.o
 .debug_abbrev  0x00000385      0x2b3 ./src/can.o
 .debug_abbrev  0x00000638      0x208 ./src/elevator.o
 .debug_abbrev  0x00000840      0x258 ./src/fnd.o
 .debug_abbrev  0x00000a98      0x171 ./src/gpio.o
 .debug_abbrev  0x00000c09      0x2f2 ./src/hal_entry.o
 .debug_abbrev  0x00000efb      0x2d1 ./src/motor.o
 .debug_abbrev  0x000011cc       0xd4 ./src/node.o
 .debug_abbrev  0x000012a0      0x277 ./src/sensor.o
 .debug_abbrev  0x00001517      0x241 ./src/sound.o
 .debug_abbrev  0x00001758      0x2dc ./src/uart.o
 .debug_abbrev  0x00001a34       0x4f ./src/warning.o
 .debug_abbrev  0x00001a83      0x150 ./ra_gen/common_data.o
 .debug_abbrev  0x00001bd3      0x307 ./ra_gen/hal_data.o
 .debug_abbrev  0x00001eda       0x66 ./ra_gen/main.o
 .debug_abbrev  0x00001f40       0xdc ./ra_gen/pin_data.o
 .debug_abbrev  0x0000201c       0xa7 ./ra_gen/vector_data.o
 .debug_abbrev  0x000020c3      0x5b7 ./ra/fsp/src/r_sci_uart/r_sci_uart.o
 .debug_abbrev  0x0000267a      0x421 ./ra/fsp/src/r_ioport/r_ioport.o
 .debug_abbrev  0x00002a9b      0x472 ./ra/fsp/src/r_icu/r_icu.o
 .debug_abbrev  0x00002f0d      0x3f5 ./ra/fsp/src/r_dac/r_dac.o
 .debug_abbrev  0x00003302      0x589 ./ra/fsp/src/r_can/r_can.o
 .debug_abbrev  0x0000388b      0x536 ./ra/fsp/src/r_agt/r_agt.o
 .debug_abbrev  0x00003dc1      0x58f ./ra/fsp/src/r_adc/r_adc.o
 .debug_abbrev  0x00004350      0x382 ./ra/fsp/src/bsp/mcu/all/bsp_clocks.o
 .debug_abbrev  0x000046d2      0x177 ./ra/fsp/src/bsp/mcu/all/bsp_common.o
 .debug_abbrev  0x00004849       0xf7 ./ra/fsp/src/bsp/mcu/all/bsp_delay.o
 .debug_abbrev  0x00004940      0x254 ./ra/fsp/src/bsp/mcu/all/bsp_group_irq.o
 .debug_abbrev  0x00004b94       0x5e ./ra/fsp/src/bsp/mcu/all/bsp_io.o
 .debug_abbrev  0x00004bf2      0x1ad ./ra/fsp/src/bsp/mcu/all/bsp_irq.o
 .debug_abbrev  0x00004d9f      0x277 ./ra/fsp/src/bsp/mcu/all/bsp_register_protection.o
 .debug_abbrev  0x00005016       0x5f ./ra/fsp/src/bsp/mcu/all/bsp_rom_registers.o
 .debug_abbrev  0x00005075       0xcc ./ra/fsp/src/bsp/mcu/all/bsp_sbrk.o
 .debug_abbrev  0x00005141       0xe6 ./ra/fsp/src/bsp/cmsis/Device/RENESAS/Source/startup.o
 .debug_abbrev  0x00005227      0x276 ./ra/fsp/src/bsp/cmsis/Device/RENESAS/Source/system.o

.debug_aranges  0x00000000      0x880
 .debug_aranges
                0x00000000       0x40 ./src/agt.o
 .debug_aranges
                0x00000040       0x18 ./src/arrival.o
 .debug_aranges
                0x00000058       0x30 ./src/button.o
 .debug_aranges
                0x00000088       0x28 ./src/can.o
 .debug_aranges
                0x000000b0       0x68 ./src/elevator.o
 .debug_aranges
                0x00000118       0x48 ./src/fnd.o
 .debug_aranges
                0x00000160       0x30 ./src/gpio.o
 .debug_aranges
                0x00000190       0x58 ./src/hal_entry.o
 .debug_aranges
                0x000001e8       0x40 ./src/motor.o
 .debug_aranges
                0x00000228       0x18 ./src/node.o
 .debug_aranges
                0x00000240       0x28 ./src/sensor.o
 .debug_aranges
                0x00000268       0x20 ./src/sound.o
 .debug_aranges
                0x00000288       0x28 ./src/uart.o
 .debug_aranges
                0x000002b0       0x18 ./src/warning.o
 .debug_aranges
                0x000002c8       0x20 ./ra_gen/common_data.o
 .debug_aranges
                0x000002e8       0x20 ./ra_gen/hal_data.o
 .debug_aranges
                0x00000308       0x20 ./ra_gen/main.o
 .debug_aranges
                0x00000328       0x18 ./ra_gen/pin_data.o
 .debug_aranges
                0x00000340       0x18 ./ra_gen/vector_data.o
 .debug_aranges
                0x00000358       0x90 ./ra/fsp/src/r_sci_uart/r_sci_uart.o
 .debug_aranges
                0x000003e8       0x98 ./ra/fsp/src/r_ioport/r_ioport.o
 .debug_aranges
                0x00000480       0x48 ./ra/fsp/src/r_icu/r_icu.o
 .debug_aranges
                0x000004c8       0x40 ./ra/fsp/src/r_dac/r_dac.o
 .debug_aranges
                0x00000508       0x80 ./ra/fsp/src/r_can/r_can.o
 .debug_aranges
                0x00000588       0x80 ./ra/fsp/src/r_agt/r_agt.o
 .debug_aranges
                0x00000608       0xb0 ./ra/fsp/src/r_adc/r_adc.o
 .debug_aranges
                0x000006b8       0x60 ./ra/fsp/src/bsp/mcu/all/bsp_clocks.o
 .debug_aranges
                0x00000718       0x30 ./ra/fsp/src/bsp/mcu/all/bsp_common.o
 .debug_aranges
                0x00000748       0x28 ./ra/fsp/src/bsp/mcu/all/bsp_delay.o
 .debug_aranges
                0x00000770       0x28 ./ra/fsp/src/bsp/mcu/all/bsp_group_irq.o
 .debug_aranges
                0x00000798       0x18 ./ra/fsp/src/bsp/mcu/all/bsp_io.o
 .debug_aranges
                0x000007b0       0x20 ./ra/fsp/src/bsp/mcu/all/bsp_irq.o
 .debug_aranges
                0x000007d0       0x28 ./ra/fsp/src/bsp/mcu/all/bsp_register_protection.o
 .debug_aranges
                0x000007f8       0x18 ./ra/fsp/src/bsp/mcu/all/bsp_rom_registers.o
 .debug_aranges
                0x00000810       0x20 ./ra/fsp/src/bsp/mcu/all/bsp_sbrk.o
 .debug_aranges
                0x00000830       0x28 ./ra/fsp/src/bsp/cmsis/Device/RENESAS/Source/startup.o
 .debug_aranges
                0x00000858       0x28 ./ra/fsp/src/bsp/cmsis/Device/RENESAS/Source/system.o

.debug_ranges   0x00000000     0x1c48
 .debug_ranges  0x00000000       0x30 ./src/agt.o
 .debug_ranges  0x00000030       0x38 ./src/button.o
 .debug_ranges  0x00000068       0x30 ./src/can.o
 .debug_ranges  0x00000098       0x90 ./src/elevator.o
 .debug_ranges  0x00000128       0x58 ./src/fnd.o
 .debug_ranges  0x00000180       0x20 ./src/gpio.o
 .debug_ranges  0x000001a0       0x68 ./src/hal_entry.o
 .debug_ranges  0x00000208       0xb8 ./src/motor.o
 .debug_ranges  0x000002c0       0x18 ./src/sensor.o
 .debug_ranges  0x000002d8       0x10 ./src/sound.o
 .debug_ranges  0x000002e8       0x18 ./src/uart.o
 .debug_ranges  0x00000300       0x10 ./ra_gen/common_data.o
 .debug_ranges  0x00000310       0x10 ./ra_gen/hal_data.o
 .debug_ranges  0x00000320       0x10 ./ra_gen/main.o
 .debug_ranges  0x00000330      0x728 ./ra/fsp/src/r_sci_uart/r_sci_uart.o
 .debug_ranges  0x00000a58      0x130 ./ra/fsp/src/r_ioport/r_ioport.o
 .debug_ranges  0x00000b88      0x128 ./ra/fsp/src/r_icu/r_icu.o
 .debug_ranges  0x00000cb0       0x98 ./ra/fsp/src/r_dac/r_dac.o
 .debug_ranges  0x00000d48      0x528 ./ra/fsp/src/r_can/r_can.o
 .debug_ranges  0x00001270      0x288 ./ra/fsp/src/r_agt/r_agt.o
 .debug_ranges  0x000014f8      0x498 ./ra/fsp/src/r_adc/r_adc.o
 .debug_ranges  0x00001990      0x180 ./ra/fsp/src/bsp/mcu/all/bsp_clocks.o
 .debug_ranges  0x00001b10       0x20 ./ra/fsp/src/bsp/mcu/all/bsp_common.o
 .debug_ranges  0x00001b30       0x18 ./ra/fsp/src/bsp/mcu/all/bsp_delay.o
 .debug_ranges  0x00001b48       0x50 ./ra/fsp/src/bsp/mcu/all/bsp_group_irq.o
 .debug_ranges  0x00001b98       0x28 ./ra/fsp/src/bsp/mcu/all/bsp_irq.o
 .debug_ranges  0x00001bc0       0x48 ./ra/fsp/src/bsp/mcu/all/bsp_register_protection.o
 .debug_ranges  0x00001c08       0x10 ./ra/fsp/src/bsp/mcu/all/bsp_sbrk.o
 .debug_ranges  0x00001c18       0x18 ./ra/fsp/src/bsp/cmsis/Device/RENESAS/Source/startup.o
 .debug_ranges  0x00001c30       0x18 ./ra/fsp/src/bsp/cmsis/Device/RENESAS/Source/system.o

.debug_line     0x00000000     0xbf76
 .debug_line    0x00000000      0x380 ./src/agt.o
 .debug_line    0x00000380       0x3c ./src/arrival.o
 .debug_line    0x000003bc      0x2eb ./src/button.o
 .debug_line    0x000006a7      0x395 ./src/can.o
 .debug_line    0x00000a3c      0x516 ./src/elevator.o
 .debug_line    0x00000f52      0x4a1 ./src/fnd.o
 .debug_line    0x000013f3      0x243 ./src/gpio.o
 .debug_line    0x00001636      0x6e8 ./src/hal_entry.o
 .debug_line    0x00001d1e      0x540 ./src/motor.o
 .debug_line    0x0000225e       0x38 ./src/node.o
 .debug_line    0x00002296      0x330 ./src/sensor.o
 .debug_line    0x000025c6      0x34f ./src/sound.o
 .debug_line    0x00002915      0x4ca ./src/uart.o
 .debug_line    0x00002ddf       0x3c ./src/warning.o
 .debug_line    0x00002e1b      0x2d4 ./ra_gen/common_data.o
 .debug_line    0x000030ef      0x418 ./ra_gen/hal_data.o
 .debug_line    0x00003507       0x5e ./ra_gen/main.o
 .debug_line    0x00003565      0x1d8 ./ra_gen/pin_data.o
 .debug_line    0x0000373d       0xd9 ./ra_gen/vector_data.o
 .debug_line    0x00003816     0x155c ./ra/fsp/src/r_sci_uart/r_sci_uart.o
 .debug_line    0x00004d72      0xb61 ./ra/fsp/src/r_ioport/r_ioport.o
 .debug_line    0x000058d3      0x73e ./ra/fsp/src/r_icu/r_icu.o
 .debug_line    0x00006011      0x83c ./ra/fsp/src/r_dac/r_dac.o
 .debug_line    0x0000684d     0x13a2 ./ra/fsp/src/r_can/r_can.o
 .debug_line    0x00007bef      0xccb ./ra/fsp/src/r_agt/r_agt.o
 .debug_line    0x000088ba     0x14ab ./ra/fsp/src/r_adc/r_adc.o
 .debug_line    0x00009d65      0x824 ./ra/fsp/src/bsp/mcu/all/bsp_clocks.o
 .debug_line    0x0000a589      0x2a7 ./ra/fsp/src/bsp/mcu/all/bsp_common.o
 .debug_line    0x0000a830      0x2ad ./ra/fsp/src/bsp/mcu/all/bsp_delay.o
 .debug_line    0x0000aadd      0x302 ./ra/fsp/src/bsp/mcu/all/bsp_group_irq.o
 .debug_line    0x0000addf      0x19f ./ra/fsp/src/bsp/mcu/all/bsp_io.o
 .debug_line    0x0000af7e      0x2c8 ./ra/fsp/src/bsp/mcu/all/bsp_irq.o
 .debug_line    0x0000b246      0x3b8 ./ra/fsp/src/bsp/mcu/all/bsp_register_protection.o
 .debug_line    0x0000b5fe      0x161 ./ra/fsp/src/bsp/mcu/all/bsp_rom_registers.o
 .debug_line    0x0000b75f      0x1e7 ./ra/fsp/src/bsp/mcu/all/bsp_sbrk.o
 .debug_line    0x0000b946      0x223 ./ra/fsp/src/bsp/cmsis/Device/RENESAS/Source/startup.o
 .debug_line    0x0000bb69      0x40d ./ra/fsp/src/bsp/cmsis/Device/RENESAS/Source/system.o

.debug_str      0x00000000    0x10bf0
 .debug_str     0x00000000      0x73a ./src/agt.o
                                0x7bb (size before relaxing)
 .debug_str     0x0000073a       0x19 ./src/arrival.o
                                0x125 (size before relaxing)
 .debug_str     0x00000753      0x308 ./src/button.o
                                0x5a9 (size before relaxing)
 .debug_str     0x00000a5b      0x968 ./src/can.o
                                0xcf1 (size before relaxing)
 .debug_str     0x000013c3      0x190 ./src/elevator.o
                                0x3a3 (size before relaxing)
 .debug_str     0x00001553      0x227 ./src/fnd.o
                                0x3ff (size before relaxing)
 .debug_str     0x0000177a      0x3d5 ./src/gpio.o
                                0x5b7 (size before relaxing)
 .debug_str     0x00001b4f     0x318c ./src/hal_entry.o
                               0x3a84 (size before relaxing)
 .debug_str     0x00004cdb      0xe2a ./src/motor.o
                               0x2605 (size before relaxing)
 .debug_str     0x00005b05        0xe ./src/node.o
                                0x13e (size before relaxing)
 .debug_str     0x00005b13     0x1c02 ./src/sensor.o
                               0x1fa0 (size before relaxing)
 .debug_str     0x00007715      0x1de ./src/sound.o
                                0x470 (size before relaxing)
 .debug_str     0x000078f3      0xb75 ./src/uart.o
                               0x3c6e (size before relaxing)
 .debug_str     0x00008468       0x11 ./src/warning.o
                                0x125 (size before relaxing)
 .debug_str     0x00008479       0x47 ./ra_gen/common_data.o
                               0x31f2 (size before relaxing)
 .debug_str     0x000084c0     0x45dd ./ra_gen/hal_data.o
                               0xbc5c (size before relaxing)
 .debug_str     0x0000ca9d       0x16 ./ra_gen/main.o
                                0x1a6 (size before relaxing)
 .debug_str     0x0000cab3      0x5d6 ./ra_gen/pin_data.o
                               0x1cb6 (size before relaxing)
 .debug_str     0x0000d089       0x68 ./ra_gen/vector_data.o
                               0x23f6 (size before relaxing)
 .debug_str     0x0000d0f1     0x1c8e ./ra/fsp/src/r_sci_uart/r_sci_uart.o
                               0x61c5 (size before relaxing)
 .debug_str     0x0000ed7f      0x4c3 ./ra/fsp/src/r_ioport/r_ioport.o
                               0x542f (size before relaxing)
 .debug_str     0x0000f242       0x70 ./ra/fsp/src/r_icu/r_icu.o
                               0x22a7 (size before relaxing)
 .debug_str     0x0000f2b2       0x33 ./ra/fsp/src/r_dac/r_dac.o
                               0x1fab (size before relaxing)
 .debug_str     0x0000f2e5      0x3ae ./ra/fsp/src/r_can/r_can.o
                               0x337f (size before relaxing)
 .debug_str     0x0000f693      0x1c4 ./ra/fsp/src/r_agt/r_agt.o
                               0x43b5 (size before relaxing)
 .debug_str     0x0000f857      0x5e8 ./ra/fsp/src/r_adc/r_adc.o
                               0x857b (size before relaxing)
 .debug_str     0x0000fe3f      0x69b ./ra/fsp/src/bsp/mcu/all/bsp_clocks.o
                               0x1e9b (size before relaxing)
 .debug_str     0x000104da       0xef ./ra/fsp/src/bsp/mcu/all/bsp_common.o
                               0x19e8 (size before relaxing)
 .debug_str     0x000105c9       0xb1 ./ra/fsp/src/bsp/mcu/all/bsp_delay.o
                                0x2cf (size before relaxing)
 .debug_str     0x0001067a      0x1de ./ra/fsp/src/bsp/mcu/all/bsp_group_irq.o
                               0x1f0f (size before relaxing)
 .debug_str     0x00010858       0x23 ./ra/fsp/src/bsp/mcu/all/bsp_io.o
                                0x1cf (size before relaxing)
 .debug_str     0x0001087b       0x30 ./ra/fsp/src/bsp/mcu/all/bsp_irq.o
                               0x2872 (size before relaxing)
 .debug_str     0x000108ab       0x88 ./ra/fsp/src/bsp/mcu/all/bsp_register_protection.o
                               0x187b (size before relaxing)
 .debug_str     0x00010933       0x51 ./ra/fsp/src/bsp/mcu/all/bsp_rom_registers.o
                                0x1e5 (size before relaxing)
 .debug_str     0x00010984       0x96 ./ra/fsp/src/bsp/mcu/all/bsp_sbrk.o
                                0x230 (size before relaxing)
 .debug_str     0x00010a1a       0x89 ./ra/fsp/src/bsp/cmsis/Device/RENESAS/Source/startup.o
                                0x220 (size before relaxing)
 .debug_str     0x00010aa3      0x14d ./ra/fsp/src/bsp/cmsis/Device/RENESAS/Source/system.o
                                0x88f (size before relaxing)

.debug_frame    0x00000000     0x16e0
 .debug_frame   0x00000000       0x90 ./src/agt.o
 .debug_frame   0x00000090       0x70 ./src/button.o
 .debug_frame   0x00000100       0x40 ./src/can.o
 .debug_frame   0x00000140      0x14c ./src/elevator.o
 .debug_frame   0x0000028c       0xb8 ./src/fnd.o
 .debug_frame   0x00000344       0x4c ./src/gpio.o
 .debug_frame   0x00000390      0x108 ./src/hal_entry.o
 .debug_frame   0x00000498       0x98 ./src/motor.o
 .debug_frame   0x00000530       0x4c ./src/sensor.o
 .debug_frame   0x0000057c       0x2c ./src/sound.o
 .debug_frame   0x000005a8       0x48 ./src/uart.o
 .debug_frame   0x000005f0       0x20 ./ra_gen/common_data.o
 .debug_frame   0x00000610       0x20 ./ra_gen/hal_data.o
 .debug_frame   0x00000630       0x28 ./ra_gen/main.o
 .debug_frame   0x00000658      0x1d0 ./ra/fsp/src/r_sci_uart/r_sci_uart.o
 .debug_frame   0x00000828      0x174 ./ra/fsp/src/r_ioport/r_ioport.o
 .debug_frame   0x0000099c       0xb8 ./ra/fsp/src/r_icu/r_icu.o
 .debug_frame   0x00000a54       0x7c ./ra/fsp/src/r_dac/r_dac.o
 .debug_frame   0x00000ad0      0x198 ./ra/fsp/src/r_can/r_can.o
 .debug_frame   0x00000c68      0x130 ./ra/fsp/src/r_agt/r_agt.o
 .debug_frame   0x00000d98      0x1b8 ./ra/fsp/src/r_adc/r_adc.o
 .debug_frame   0x00000f50       0xe8 ./ra/fsp/src/bsp/mcu/all/bsp_clocks.o
 .debug_frame   0x00001038       0x40 ./ra/fsp/src/bsp/mcu/all/bsp_common.o